Archive member included to satisfy reference by file (symbol)

g:/rt-threadstudio/repo/extract/toolchain_support_packages/arm/gnu_tools_for_arm_embedded_processors/5.4.1/bin/../lib/gcc/arm-none-eabi/5.4.1/armv7-m\libgcc.a(_arm_addsubdf3.o)
                              ./rt-thread/components/libc/compilers/minilibc/math.o (__aeabi_dsub)
g:/rt-threadstudio/repo/extract/toolchain_support_packages/arm/gnu_tools_for_arm_embedded_processors/5.4.1/bin/../lib/gcc/arm-none-eabi/5.4.1/armv7-m\libgcc.a(_arm_muldivdf3.o)
                              ./rt-thread/components/libc/compilers/minilibc/math.o (__aeabi_dmul)
g:/rt-threadstudio/repo/extract/toolchain_support_packages/arm/gnu_tools_for_arm_embedded_processors/5.4.1/bin/../lib/gcc/arm-none-eabi/5.4.1/armv7-m\libgcc.a(_arm_fixdfsi.o)
                              ./rt-thread/components/libc/compilers/minilibc/math.o (__aeabi_d2iz)
g:/rt-threadstudio/repo/extract/toolchain_support_packages/arm/gnu_tools_for_arm_embedded_processors/5.4.1/bin/../lib/gcc/arm-none-eabi/5.4.1/../../../../arm-none-eabi/lib/armv7-m\libg.a(lib_a-exit.o)
                              g:/rt-threadstudio/repo/extract/toolchain_support_packages/arm/gnu_tools_for_arm_embedded_processors/5.4.1/bin/../lib/gcc/arm-none-eabi/5.4.1/../../../../arm-none-eabi/lib/armv7-m/crt0.o (exit)
g:/rt-threadstudio/repo/extract/toolchain_support_packages/arm/gnu_tools_for_arm_embedded_processors/5.4.1/bin/../lib/gcc/arm-none-eabi/5.4.1/../../../../arm-none-eabi/lib/armv7-m\libg.a(lib_a-impure.o)
                              g:/rt-threadstudio/repo/extract/toolchain_support_packages/arm/gnu_tools_for_arm_embedded_processors/5.4.1/bin/../lib/gcc/arm-none-eabi/5.4.1/../../../../arm-none-eabi/lib/armv7-m\libg.a(lib_a-exit.o) (_global_impure_ptr)
g:/rt-threadstudio/repo/extract/toolchain_support_packages/arm/gnu_tools_for_arm_embedded_processors/5.4.1/bin/../lib/gcc/arm-none-eabi/5.4.1/../../../../arm-none-eabi/lib/armv7-m\libg.a(lib_a-init.o)
                              g:/rt-threadstudio/repo/extract/toolchain_support_packages/arm/gnu_tools_for_arm_embedded_processors/5.4.1/bin/../lib/gcc/arm-none-eabi/5.4.1/../../../../arm-none-eabi/lib/armv7-m/crt0.o (__libc_init_array)
g:/rt-threadstudio/repo/extract/toolchain_support_packages/arm/gnu_tools_for_arm_embedded_processors/5.4.1/bin/../lib/gcc/arm-none-eabi/5.4.1/../../../../arm-none-eabi/lib/armv7-m\libg.a(lib_a-__call_atexit.o)
                              g:/rt-threadstudio/repo/extract/toolchain_support_packages/arm/gnu_tools_for_arm_embedded_processors/5.4.1/bin/../lib/gcc/arm-none-eabi/5.4.1/../../../../arm-none-eabi/lib/armv7-m\libg.a(lib_a-exit.o) (__call_exitprocs)
g:/rt-threadstudio/repo/extract/toolchain_support_packages/arm/gnu_tools_for_arm_embedded_processors/5.4.1/bin/../lib/gcc/arm-none-eabi/5.4.1/../../../../arm-none-eabi/lib/armv7-m\libg.a(lib_a-atexit.o)
                              g:/rt-threadstudio/repo/extract/toolchain_support_packages/arm/gnu_tools_for_arm_embedded_processors/5.4.1/bin/../lib/gcc/arm-none-eabi/5.4.1/../../../../arm-none-eabi/lib/armv7-m\libg.a(lib_a-__call_atexit.o) (atexit)
g:/rt-threadstudio/repo/extract/toolchain_support_packages/arm/gnu_tools_for_arm_embedded_processors/5.4.1/bin/../lib/gcc/arm-none-eabi/5.4.1/../../../../arm-none-eabi/lib/armv7-m\libg.a(lib_a-fini.o)
                              g:/rt-threadstudio/repo/extract/toolchain_support_packages/arm/gnu_tools_for_arm_embedded_processors/5.4.1/bin/../lib/gcc/arm-none-eabi/5.4.1/../../../../arm-none-eabi/lib/armv7-m\libg.a(lib_a-__call_atexit.o) (__libc_fini_array)
g:/rt-threadstudio/repo/extract/toolchain_support_packages/arm/gnu_tools_for_arm_embedded_processors/5.4.1/bin/../lib/gcc/arm-none-eabi/5.4.1/../../../../arm-none-eabi/lib/armv7-m\libg.a(lib_a-__atexit.o)
                              g:/rt-threadstudio/repo/extract/toolchain_support_packages/arm/gnu_tools_for_arm_embedded_processors/5.4.1/bin/../lib/gcc/arm-none-eabi/5.4.1/../../../../arm-none-eabi/lib/armv7-m\libg.a(lib_a-atexit.o) (__register_exitproc)

Allocating common symbols
Common symbol       size              file

rt_interrupt_to_thread
                    0x4               ./rt-thread/libcpu/arm/cortex-m3/cpuport.o
rt_interrupt_from_thread
                    0x4               ./rt-thread/libcpu/arm/cortex-m3/cpuport.o
shell               0x4               ./rt-thread/components/finsh/shell.o
rt_thread_switch_interrupt_flag
                    0x4               ./rt-thread/libcpu/arm/cortex-m3/cpuport.o
uwTick              0x4               ./libraries/STM32F1xx_HAL_Driver/Src/stm32f1xx_hal.o
pFlash              0x20              ./libraries/STM32F1xx_HAL_Driver/Src/stm32f1xx_hal_flash.o
rt_thread_priority_table
                    0x100             ./rt-thread/src/scheduler.o
rt_object_put_hook  0x4               ./rt-thread/src/object.o
rt_current_priority
                    0x1               ./rt-thread/src/scheduler.o
[...]
Memory Configuration

Name             Origin             Length             Attributes
ROM              0x08040000         0x00020000         xr
RAM              0x20000000         0x00010000         rw
*default*        0x00000000         0xffffffff

Linker script and memory map

LOAD g:/rt-threadstudio/repo/extract/toolchain_support_packages/arm/gnu_tools_for_arm_embedded_processors/5.4.1/bin/../lib/gcc/arm-none-eabi/5.4.1/armv7-m/crti.o
LOAD g:/rt-threadstudio/repo/extract/toolchain_support_packages/arm/gnu_tools_for_arm_embedded_processors/5.4.1/bin/../lib/gcc/arm-none-eabi/5.4.1/armv7-m/crtbegin.o
LOAD g:/rt-threadstudio/repo/extract/toolchain_support_packages/arm/gnu_tools_for_arm_embedded_processors/5.4.1/bin/../lib/gcc/arm-none-eabi/5.4.1/../../../../arm-none-eabi/lib/armv7-m/crt0.o
LOAD ./rt-thread/src/clock.o
LOAD ./rt-thread/src/components.o
LOAD ./rt-thread/src/device.o
LOAD ./rt-thread/src/idle.o
LOAD ./rt-thread/src/ipc.o
LOAD ./rt-thread/src/irq.o
LOAD ./rt-thread/src/kservice.o
LOAD ./rt-thread/src/mem.o
LOAD ./rt-thread/src/mempool.o
LOAD ./rt-thread/src/object.o
LOAD ./rt-thread/src/scheduler.o
LOAD ./rt-thread/src/signal.o
LOAD ./rt-thread/src/thread.o
LOAD ./rt-thread/src/timer.o
LOAD ./rt-thread/libcpu/arm/cortex-m3/context_gcc.o
LOAD ./rt-thread/libcpu/arm/cortex-m3/cpuport.o
LOAD ./rt-thread/libcpu/arm/common/backtrace.o
LOAD ./rt-thread/libcpu/arm/common/div0.o
LOAD ./rt-thread/libcpu/arm/common/showmem.o
LOAD ./rt-thread/components/utilities/ymodem/ymodem.o
LOAD ./rt-thread/components/utilities/ulog/backend/console_be.o
LOAD ./rt-thread/components/utilities/ulog/ulog.o
LOAD ./rt-thread/components/libc/compilers/minilibc/ctype.o
LOAD ./rt-thread/components/libc/compilers/minilibc/math.o
LOAD ./rt-thread/components/libc/compilers/minilibc/qsort.o
LOAD ./rt-thread/components/libc/compilers/minilibc/rand.o
LOAD ./rt-thread/components/libc/compilers/minilibc/stdlib.o
LOAD ./rt-thread/components/libc/compilers/minilibc/string.o
LOAD ./rt-thread/components/libc/compilers/minilibc/time.o
LOAD ./rt-thread/components/finsh/cmd.o
LOAD ./rt-thread/components/finsh/msh.o
LOAD ./rt-thread/components/finsh/shell.o
LOAD ./rt-thread/components/drivers/src/completion.o
LOAD ./rt-thread/components/drivers/src/dataqueue.o
LOAD ./rt-thread/components/drivers/src/pipe.o
LOAD ./rt-thread/components/drivers/src/ringblk_buf.o
LOAD ./rt-thread/components/drivers/src/ringbuffer.o
LOAD ./rt-thread/components/drivers/src/waitqueue.o
LOAD ./rt-thread/components/drivers/src/workqueue.o
LOAD ./rt-thread/components/drivers/serial/serial.o
LOAD ./rt-thread/components/drivers/misc/pin.o
LOAD ./packages/ota_downloader-latest/src/ymodem_ota.o
LOAD ./packages/fal-v0.5.0/src/fal.o
LOAD ./packages/fal-v0.5.0/src/fal_flash.o
LOAD ./packages/fal-v0.5.0/src/fal_partition.o
LOAD ./packages/fal-v0.5.0/src/fal_rtt.o
LOAD ./libraries/STM32F1xx_HAL_Driver/Src/Legacy/stm32f1xx_hal_can.o
LOAD ./libraries/STM32F1xx_HAL_Driver/Src/stm32f1xx_hal.o
LOAD ./libraries/STM32F1xx_HAL_Driver/Src/stm32f1xx_hal_adc.o
LOAD ./libraries/STM32F1xx_HAL_Driver/Src/stm32f1xx_hal_adc_ex.o
LOAD ./libraries/STM32F1xx_HAL_Driver/Src/stm32f1xx_hal_can.o
LOAD ./libraries/STM32F1xx_HAL_Driver/Src/stm32f1xx_hal_cec.o
LOAD ./libraries/STM32F1xx_HAL_Driver/Src/stm32f1xx_hal_cortex.o
LOAD ./libraries/STM32F1xx_HAL_Driver/Src/stm32f1xx_hal_crc.o
LOAD ./libraries/STM32F1xx_HAL_Driver/Src/stm32f1xx_hal_dac.o
LOAD ./libraries/STM32F1xx_HAL_Driver/Src/stm32f1xx_hal_dac_ex.o
LOAD ./libraries/STM32F1xx_HAL_Driver/Src/stm32f1xx_hal_dma.o
LOAD ./libraries/STM32F1xx_HAL_Driver/Src/stm32f1xx_hal_eth.o
LOAD ./libraries/STM32F1xx_HAL_Driver/Src/stm32f1xx_hal_exti.o
LOAD ./libraries/STM32F1xx_HAL_Driver/Src/stm32f1xx_hal_flash.o
LOAD ./libraries/STM32F1xx_HAL_Driver/Src/stm32f1xx_hal_flash_ex.o
LOAD ./libraries/STM32F1xx_HAL_Driver/Src/stm32f1xx_hal_gpio.o
LOAD ./libraries/STM32F1xx_HAL_Driver/Src/stm32f1xx_hal_gpio_ex.o
LOAD ./libraries/STM32F1xx_HAL_Driver/Src/stm32f1xx_hal_hcd.o
LOAD ./libraries/STM32F1xx_HAL_Driver/Src/stm32f1xx_hal_i2c.o
LOAD ./libraries/STM32F1xx_HAL_Driver/Src/stm32f1xx_hal_i2s.o
LOAD ./libraries/STM32F1xx_HAL_Driver/Src/stm32f1xx_hal_irda.o
LOAD ./libraries/STM32F1xx_HAL_Driver/Src/stm32f1xx_hal_iwdg.o
LOAD ./libraries/STM32F1xx_HAL_Driver/Src/stm32f1xx_hal_mmc.o
LOAD ./libraries/STM32F1xx_HAL_Driver/Src/stm32f1xx_hal_nand.o
LOAD ./libraries/STM32F1xx_HAL_Driver/Src/stm32f1xx_hal_nor.o
LOAD ./libraries/STM32F1xx_HAL_Driver/Src/stm32f1xx_hal_pccard.o
LOAD ./libraries/STM32F1xx_HAL_Driver/Src/stm32f1xx_hal_pcd.o
LOAD ./libraries/STM32F1xx_HAL_Driver/Src/stm32f1xx_hal_pcd_ex.o
LOAD ./libraries/STM32F1xx_HAL_Driver/Src/stm32f1xx_hal_pwr.o
LOAD ./libraries/STM32F1xx_HAL_Driver/Src/stm32f1xx_hal_rcc.o
LOAD ./libraries/STM32F1xx_HAL_Driver/Src/stm32f1xx_hal_rcc_ex.o
LOAD ./libraries/STM32F1xx_HAL_Driver/Src/stm32f1xx_hal_rtc.o
LOAD ./libraries/STM32F1xx_HAL_Driver/Src/stm32f1xx_hal_rtc_ex.o
LOAD ./libraries/STM32F1xx_HAL_Driver/Src/stm32f1xx_hal_sd.o
LOAD ./libraries/STM32F1xx_HAL_Driver/Src/stm32f1xx_hal_smartcard.o
LOAD ./libraries/STM32F1xx_HAL_Driver/Src/stm32f1xx_hal_spi.o
LOAD ./libraries/STM32F1xx_HAL_Driver/Src/stm32f1xx_hal_sram.o
LOAD ./libraries/STM32F1xx_HAL_Driver/Src/stm32f1xx_hal_tim.o
LOAD ./libraries/STM32F1xx_HAL_Driver/Src/stm32f1xx_hal_tim_ex.o
LOAD ./libraries/STM32F1xx_HAL_Driver/Src/stm32f1xx_hal_uart.o
LOAD ./libraries/STM32F1xx_HAL_Driver/Src/stm32f1xx_hal_usart.o
LOAD ./libraries/STM32F1xx_HAL_Driver/Src/stm32f1xx_hal_wwdg.o
LOAD ./libraries/STM32F1xx_HAL_Driver/Src/stm32f1xx_ll_usb.o
LOAD ./libraries/CMSIS/Device/ST/STM32F1xx/Source/Templates/gcc/startup_stm32f103xe.o
LOAD ./libraries/CMSIS/Device/ST/STM32F1xx/Source/Templates/system_stm32f1xx.o
LOAD ./drivers/board.o
LOAD ./drivers/drv_adc.o
LOAD ./drivers/drv_common.o
LOAD ./drivers/drv_eth.o
LOAD ./drivers/drv_flash_f1.o
LOAD ./drivers/drv_gpio.o
LOAD ./drivers/drv_hwtimer.o
LOAD ./drivers/drv_pwm.o
LOAD ./drivers/drv_qspi.o
LOAD ./drivers/drv_rtc.o
LOAD ./drivers/drv_sdio.o
LOAD ./drivers/drv_soft_i2c.o
LOAD ./drivers/drv_spi.o
LOAD ./drivers/drv_usart.o
LOAD ./drivers/drv_usbd.o
LOAD ./drivers/drv_usbh.o
LOAD ./drivers/drv_wdt.o
LOAD ./applications/main.o
LOAD ./applications/stm32f1xx_flash_ops.o
START GROUP
LOAD g:/rt-threadstudio/repo/extract/toolchain_support_packages/arm/gnu_tools_for_arm_embedded_processors/5.4.1/bin/../lib/gcc/arm-none-eabi/5.4.1/armv7-m\libgcc.a
LOAD g:/rt-threadstudio/repo/extract/toolchain_support_packages/arm/gnu_tools_for_arm_embedded_processors/5.4.1/bin/../lib/gcc/arm-none-eabi/5.4.1/../../../../arm-none-eabi/lib/armv7-m\libg.a
LOAD g:/rt-threadstudio/repo/extract/toolchain_support_packages/arm/gnu_tools_for_arm_embedded_processors/5.4.1/bin/../lib/gcc/arm-none-eabi/5.4.1/../../../../arm-none-eabi/lib/armv7-m\libc.a
END GROUP
LOAD g:/rt-threadstudio/repo/extract/toolchain_support_packages/arm/gnu_tools_for_arm_embedded_processors/5.4.1/bin/../lib/gcc/arm-none-eabi/5.4.1/armv7-m/crtend.o
LOAD g:/rt-threadstudio/repo/extract/toolchain_support_packages/arm/gnu_tools_for_arm_embedded_processors/5.4.1/bin/../lib/gcc/arm-none-eabi/5.4.1/armv7-m/crtn.o
                0x00000200                _system_stack_size = 0x200

.text           0x08040000    0x10968
                0x08040000                . = ALIGN (0x4)
                0x08040000                _stext = .
 *(.isr_vector)
 .isr_vector    0x08040000      0x1e4 ./libraries/CMSIS/Device/ST/STM32F1xx/Source/Templates/gcc/startup_stm32f103xe.o
                0x08040000                g_pfnVectors
                0x080401e4                . = ALIGN (0x4)
 *(.text)
 .text          0x080401e4       0x5c g:/rt-threadstudio/repo/extract/toolchain_support_packages/arm/gnu_tools_for_arm_embedded_processors/5.4.1/bin/../lib/gcc/arm-none-eabi/5.4.1/armv7-m/crtbegin.o
 .text          0x08040240      0x100 ./rt-thread/libcpu/arm/cortex-m3/context_gcc.o
                0x08040240                rt_hw_interrupt_disable
                0x08040248                rt_hw_interrupt_enable
                0x0804024e                rt_hw_context_switch_interrupt
                0x0804024e                rt_hw_context_switch
                0x0804026e                PendSV_Handler
                0x080402aa                rt_hw_context_switch_to
                0x080402e6                rt_hw_interrupt_thread_switch
                0x080402ea                HardFault_Handler
                0x08040320                rt_hw_interrupt_check
 *(.text.*)
 .text.rt_tick_get
                0x08040340       0x14 ./rt-thread/src/clock.o
                0x08040340                rt_tick_get
 .text.rt_tick_increase
                0x08040354       0x58 ./rt-thread/src/clock.o
                0x08040354                rt_tick_increase
 .text.rt_tick_from_millisecond
                0x080403ac       0x78 ./rt-thread/src/clock.o
                0x080403ac                rt_tick_from_millisecond
 .text.rti_start
                0x08040424       0x10 ./rt-thread/src/components.o
 .text.rti_board_start
                0x08040434       0x10 ./rt-thread/src/components.o
 .text.rti_board_end
                0x08040444       0x10 ./rt-thread/src/components.o
 .text.rti_end  0x08040454       0x10 ./rt-thread/src/components.o
 .text.rt_components_board_init
                0x08040464       0x30 ./rt-thread/src/components.o
                0x08040464                rt_components_board_init
 .text.rt_components_init
                0x08040494       0x30 ./rt-thread/src/components.o
                0x08040494                rt_components_init
 .text.entry    0x080404c4       0x10 ./rt-thread/src/components.o
                0x080404c4                entry
 .text.main_thread_entry
                0x080404d4       0x18 ./rt-thread/src/components.o
                0x080404d4                main_thread_entry
 .text.rt_application_init
                0x080404ec       0x4c ./rt-thread/src/components.o
                0x080404ec                rt_application_init
 .text.rtthread_startup
                0x08040538       0x30 ./rt-thread/src/components.o
                0x08040538                rtthread_startup
 .text.rt_device_register
                0x08040568       0x54 ./rt-thread/src/device.o
                0x08040568                rt_device_register
 .text.rt_device_find
                0x080405bc       0x90 ./rt-thread/src/device.o
                0x080405bc                rt_device_find
 .text.rt_device_open
                0x0804064c      0x11c ./rt-thread/src/device.o
                0x0804064c                rt_device_open
 .text.rt_device_close
                0x08040768       0x9c ./rt-thread/src/device.o
                0x08040768                rt_device_close
 .text.rt_device_read
                0x08040804       0x88 ./rt-thread/src/device.o
                0x08040804                rt_device_read
 .text.rt_device_write
                0x0804088c       0x88 ./rt-thread/src/device.o
                0x0804088c                rt_device_write
 .text.rt_device_set_rx_indicate
                0x08040914       0x54 ./rt-thread/src/device.o
                0x08040914                rt_device_set_rx_indicate
 .text.rt_list_remove
                0x08040968       0x34 ./rt-thread/src/idle.o
 .text._has_defunct_thread
                0x0804099c       0x28 ./rt-thread/src/idle.o
 .text.rt_thread_idle_excute
                0x080409c4       0xc8 ./rt-thread/src/idle.o
                0x080409c4                rt_thread_idle_excute
 .text.rt_thread_idle_entry
                0x08040a8c       0x3c ./rt-thread/src/idle.o
 .text.rt_thread_idle_init
                0x08040ac8       0x74 ./rt-thread/src/idle.o
                0x08040ac8                rt_thread_idle_init
 .text.rt_list_init
                0x08040b3c       0x20 ./rt-thread/src/ipc.o
 .text.rt_list_insert_before
                0x08040b5c       0x30 ./rt-thread/src/ipc.o
 .text.rt_list_isempty
                0x08040b8c       0x24 ./rt-thread/src/ipc.o
 .text.rt_ipc_object_init
                0x08040bb0       0x1c ./rt-thread/src/ipc.o
 .text.rt_ipc_list_suspend
                0x08040bcc       0x90 ./rt-thread/src/ipc.o
 .text.rt_ipc_list_resume
                0x08040c5c       0x20 ./rt-thread/src/ipc.o
 .text.rt_ipc_list_resume_all
                0x08040c7c       0x48 ./rt-thread/src/ipc.o
 .text.rt_sem_init
                0x08040cc4       0x68 ./rt-thread/src/ipc.o
                0x08040cc4                rt_sem_init
 .text.rt_sem_detach
                0x08040d2c       0x74 ./rt-thread/src/ipc.o
                0x08040d2c                rt_sem_detach
 .text.rt_sem_take
                0x08040da0      0x160 ./rt-thread/src/ipc.o
                0x08040da0                rt_sem_take
 .text.rt_sem_release
                0x08040f00       0xa0 ./rt-thread/src/ipc.o
                0x08040f00                rt_sem_release
 .text.rt_mutex_init
                0x08040fa0       0x64 ./rt-thread/src/ipc.o
                0x08040fa0                rt_mutex_init
 .text.rt_mutex_take
                0x08041004      0x1d0 ./rt-thread/src/ipc.o
                0x08041004                rt_mutex_take
 .text.rt_mutex_release
                0x080411d4      0x190 ./rt-thread/src/ipc.o
                0x080411d4                rt_mutex_release
 .text.rt_interrupt_enter
                0x08041364       0x40 ./rt-thread/src/irq.o
                0x08041364                rt_interrupt_enter
 .text.rt_interrupt_leave
                0x080413a4       0x40 ./rt-thread/src/irq.o
                0x080413a4                rt_interrupt_leave
 .text.rt_interrupt_get_nest
                0x080413e4       0x28 ./rt-thread/src/irq.o
                0x080413e4                rt_interrupt_get_nest
 .text.rt_set_errno
                0x0804140c       0x40 ./rt-thread/src/kservice.o
                0x0804140c                rt_set_errno
 .text.rt_memset
                0x0804144c       0xb4 ./rt-thread/src/kservice.o
                0x0804144c                rt_memset
                0x0804144c                memset
 .text.rt_memcpy
                0x08041500       0xd0 ./rt-thread/src/kservice.o
                0x08041500                rt_memcpy
                0x08041500                memcpy
 .text.rt_memmove
                0x080415d0       0x80 ./rt-thread/src/kservice.o
                0x080415d0                rt_memmove
                0x080415d0                memmove
 .text.rt_memcmp
                0x08041650       0x58 ./rt-thread/src/kservice.o
                0x08041650                rt_memcmp
                0x08041650                memcmp
 .text.rt_strncpy
                0x080416a8       0x64 ./rt-thread/src/kservice.o
                0x080416a8                rt_strncpy
 .text.rt_strncmp
                0x0804170c       0x4c ./rt-thread/src/kservice.o
                0x0804170c                rt_strncmp
 .text.rt_strcmp
                0x08041758       0x44 ./rt-thread/src/kservice.o
                0x08041758                rt_strcmp
 .text.rt_strlen
                0x0804179c       0x2c ./rt-thread/src/kservice.o
                0x0804179c                strlen
                0x0804179c                rt_strlen
 .text.rt_show_version
                0x080417c8       0x44 ./rt-thread/src/kservice.o
                0x080417c8                rt_show_version
 .text.divide   0x0804180c       0x68 ./rt-thread/src/kservice.o
 .text.skip_atoi
                0x08041874       0x40 ./rt-thread/src/kservice.o
 .text.print_number
                0x080418b4      0x1dc ./rt-thread/src/kservice.o
 .text.rt_vsnprintf
                0x08041a90      0x548 ./rt-thread/src/kservice.o
                0x08041a90                rt_vsnprintf
 .text.rt_vsprintf
                0x08041fd8       0x24 ./rt-thread/src/kservice.o
                0x08041fd8                rt_vsprintf
                0x08041fd8                vsprintf
 .text.rt_sprintf
                0x08041ffc       0x2c ./rt-thread/src/kservice.o
                0x08041ffc                sprintf
                0x08041ffc                rt_sprintf
 .text.rt_console_get_device
                0x08042028       0x14 ./rt-thread/src/kservice.o
                0x08042028                rt_console_get_device
 .text.rt_console_set_device
                0x0804203c       0x4c ./rt-thread/src/kservice.o
                0x0804203c                rt_console_set_device
 .text.rt_hw_console_output
                0x08042088       0x14 ./rt-thread/src/kservice.o
                0x08042088                rt_hw_console_output
 .text.rt_kprintf
                0x0804209c       0x80 ./rt-thread/src/kservice.o
                0x0804209c                rt_kprintf
 .text.rt_assert_handler
                0x0804211c       0x4c ./rt-thread/src/kservice.o
                0x0804211c                rt_assert_handler
 .text.plug_holes
                0x08042168      0x100 ./rt-thread/src/mem.o
 .text.rt_system_heap_init
                0x08042268      0x118 ./rt-thread/src/mem.o
                0x08042268                rt_system_heap_init
 .text.rt_malloc
                0x08042380      0x294 ./rt-thread/src/mem.o
                0x08042380                rt_malloc
 .text.rt_calloc
                0x08042614       0x3c ./rt-thread/src/mem.o
                0x08042614                rt_calloc
 .text.rt_free  0x08042650      0x188 ./rt-thread/src/mem.o
                0x08042650                rt_free
 .text.list_mem
                0x080427d8       0x44 ./rt-thread/src/mem.o
                0x080427d8                list_mem
 .text.rt_list_insert_after
                0x0804281c       0x30 ./rt-thread/src/object.o
 .text.rt_list_remove
                0x0804284c       0x34 ./rt-thread/src/object.o
 .text.rt_object_get_information
                0x08042880       0x48 ./rt-thread/src/object.o
                0x08042880                rt_object_get_information
 .text.rt_object_init
                0x080428c8       0xc8 ./rt-thread/src/object.o
                0x080428c8                rt_object_init
 .text.rt_object_detach
                0x08042990       0x5c ./rt-thread/src/object.o
                0x08042990                rt_object_detach
 .text.rt_object_allocate
                0x080429ec       0xd8 ./rt-thread/src/object.o
                0x080429ec                rt_object_allocate
 .text.rt_object_delete
                0x08042ac4       0x7c ./rt-thread/src/object.o
                0x08042ac4                rt_object_delete
 .text.rt_object_is_systemobject
                0x08042b40       0x3c ./rt-thread/src/object.o
                0x08042b40                rt_object_is_systemobject
 .text.rt_object_get_type
                0x08042b7c       0x34 ./rt-thread/src/object.o
                0x08042b7c                rt_object_get_type
 .text.rt_list_init
                0x08042bb0       0x20 ./rt-thread/src/scheduler.o
 .text.rt_list_insert_before
                0x08042bd0       0x30 ./rt-thread/src/scheduler.o
 .text.rt_list_remove
                0x08042c00       0x34 ./rt-thread/src/scheduler.o
 .text.rt_list_isempty
                0x08042c34       0x24 ./rt-thread/src/scheduler.o
 .text._rt_scheduler_stack_check
                0x08042c58       0x98 ./rt-thread/src/scheduler.o
 .text._get_highest_priority_thread
                0x08042cf0       0x38 ./rt-thread/src/scheduler.o
 .text.rt_system_scheduler_init
                0x08042d28       0x40 ./rt-thread/src/scheduler.o
                0x08042d28                rt_system_scheduler_init
 .text.rt_system_scheduler_start
                0x08042d68       0x38 ./rt-thread/src/scheduler.o
                0x08042d68                rt_system_scheduler_start
 .text.rt_schedule
                0x08042da0      0x188 ./rt-thread/src/scheduler.o
                0x08042da0                rt_schedule
 .text.rt_schedule_insert_thread
                0x08042f28       0xac ./rt-thread/src/scheduler.o
                0x08042f28                rt_schedule_insert_thread
 .text.rt_schedule_remove_thread
                0x08042fd4       0x70 ./rt-thread/src/scheduler.o
                0x08042fd4                rt_schedule_remove_thread
 .text.rt_enter_critical
                0x08043044       0x2c ./rt-thread/src/scheduler.o
                0x08043044                rt_enter_critical
 .text.rt_exit_critical
                0x08043070       0x54 ./rt-thread/src/scheduler.o
                0x08043070                rt_exit_critical
 .text.rt_list_init
                0x080430c4       0x20 ./rt-thread/src/thread.o
 .text.rt_list_insert_after
                0x080430e4       0x30 ./rt-thread/src/thread.o
 .text.rt_list_remove
                0x08043114       0x34 ./rt-thread/src/thread.o
 .text.rt_thread_exit
                0x08043148       0x68 ./rt-thread/src/thread.o
                0x08043148                rt_thread_exit
 .text._rt_thread_init
                0x080431b0       0xf8 ./rt-thread/src/thread.o
 .text.rt_thread_init
                0x080432a8       0x6c ./rt-thread/src/thread.o
                0x080432a8                rt_thread_init
 .text.rt_thread_self
                0x08043314       0x14 ./rt-thread/src/thread.o
                0x08043314                rt_thread_self
 .text.rt_thread_startup
                0x08043328       0xa0 ./rt-thread/src/thread.o
                0x08043328                rt_thread_startup
 .text.rt_thread_create
                0x080433c8       0x64 ./rt-thread/src/thread.o
                0x080433c8                rt_thread_create
 .text.rt_thread_delete
                0x0804342c       0xa8 ./rt-thread/src/thread.o
                0x0804342c                rt_thread_delete
 .text.rt_thread_yield
                0x080434d4       0x10 ./rt-thread/src/thread.o
                0x080434d4                rt_thread_yield
 .text.rt_thread_sleep
                0x080434e4       0x8c ./rt-thread/src/thread.o
                0x080434e4                rt_thread_sleep
 .text.rt_thread_delay
                0x08043570       0x18 ./rt-thread/src/thread.o
                0x08043570                rt_thread_delay
 .text.rt_thread_mdelay
                0x08043588       0x20 ./rt-thread/src/thread.o
                0x08043588                rt_thread_mdelay
 .text.rt_thread_control
                0x080435a8       0xd4 ./rt-thread/src/thread.o
                0x080435a8                rt_thread_control
 .text.rt_thread_suspend
                0x0804367c       0xcc ./rt-thread/src/thread.o
                0x0804367c                rt_thread_suspend
 .text.rt_thread_resume
                0x08043748       0x98 ./rt-thread/src/thread.o
                0x08043748                rt_thread_resume
 .text.rt_thread_timeout
                0x080437e0       0x84 ./rt-thread/src/thread.o
                0x080437e0                rt_thread_timeout
 .text.rt_list_init
                0x08043864       0x20 ./rt-thread/src/timer.o
 .text.rt_list_insert_after
                0x08043884       0x30 ./rt-thread/src/timer.o
 .text.rt_list_remove
                0x080438b4       0x34 ./rt-thread/src/timer.o
 .text.rt_list_isempty
                0x080438e8       0x24 ./rt-thread/src/timer.o
 .text._rt_timer_init
                0x0804390c       0x68 ./rt-thread/src/timer.o
 .text.rt_timer_list_next_timeout
                0x08043974       0x30 ./rt-thread/src/timer.o
 .text._rt_timer_remove
                0x080439a4       0x34 ./rt-thread/src/timer.o
 .text.rt_timer_init
                0x080439d8       0x48 ./rt-thread/src/timer.o
                0x080439d8                rt_timer_init
 .text.rt_timer_detach
                0x08043a20       0x7c ./rt-thread/src/timer.o
                0x08043a20                rt_timer_detach
 .text.rt_timer_start
                0x08043a9c      0x23c ./rt-thread/src/timer.o
                0x08043a9c                rt_timer_start
 .text.rt_timer_stop
                0x08043cd8       0x94 ./rt-thread/src/timer.o
                0x08043cd8                rt_timer_stop
 .text.rt_timer_control
                0x08043d6c       0xa0 ./rt-thread/src/timer.o
                0x08043d6c                rt_timer_control
 .text.rt_timer_check
                0x08043e0c       0xcc ./rt-thread/src/timer.o
                0x08043e0c                rt_timer_check
 .text.rt_soft_timer_check
                0x08043ed8       0xd8 ./rt-thread/src/timer.o
                0x08043ed8                rt_soft_timer_check
 .text.rt_thread_timer_entry
                0x08043fb0       0x58 ./rt-thread/src/timer.o
 .text.rt_system_timer_init
                0x08044008       0x34 ./rt-thread/src/timer.o
                0x08044008                rt_system_timer_init
 .text.rt_system_timer_thread_init
                0x0804403c       0x68 ./rt-thread/src/timer.o
                0x0804403c                rt_system_timer_thread_init
 .text.rt_hw_stack_init
                0x080440a4       0x88 ./rt-thread/libcpu/arm/cortex-m3/cpuport.o
                0x080440a4                rt_hw_stack_init
 .text.usage_fault_track
                0x0804412c       0xc4 ./rt-thread/libcpu/arm/cortex-m3/cpuport.o
 .text.bus_fault_track
                0x080441f0       0xcc ./rt-thread/libcpu/arm/cortex-m3/cpuport.o
 .text.mem_manage_fault_track
                0x080442bc       0xb4 ./rt-thread/libcpu/arm/cortex-m3/cpuport.o
 .text.hard_fault_track
                0x08044370       0x78 ./rt-thread/libcpu/arm/cortex-m3/cpuport.o
 .text.rt_hw_hard_fault_exception
                0x080443e8      0x168 ./rt-thread/libcpu/arm/cortex-m3/cpuport.o
                0x080443e8                rt_hw_hard_fault_exception
 .text.rt_hw_cpu_reset
                0x08044550       0x1c ./rt-thread/libcpu/arm/cortex-m3/cpuport.o
                0x08044550                rt_hw_cpu_reset
 .text.__rt_ffs
                0x0804456c       0x28 ./rt-thread/libcpu/arm/cortex-m3/cpuport.o
                0x0804456c                __rt_ffs
 .text.CRC16    0x08044594       0x70 ./rt-thread/components/utilities/ymodem/ymodem.o
 .text._rym_rx_ind
                0x08044604       0x24 ./rt-thread/components/utilities/ymodem/ymodem.o
 .text._rym_read_code
                0x08044628       0x68 ./rt-thread/components/utilities/ymodem/ymodem.o
 .text._rym_read_data
                0x08044690       0x60 ./rt-thread/components/utilities/ymodem/ymodem.o
 .text._rym_putchar
                0x080446f0       0x24 ./rt-thread/components/utilities/ymodem/ymodem.o
 .text._rym_do_handshake
                0x08044714      0x150 ./rt-thread/components/utilities/ymodem/ymodem.o
 .text._rym_trans_data
                0x08044864       0xe0 ./rt-thread/components/utilities/ymodem/ymodem.o
 .text._rym_do_trans
                0x08044944       0xac ./rt-thread/components/utilities/ymodem/ymodem.o
 .text._rym_do_fin
                0x080449f0      0x144 ./rt-thread/components/utilities/ymodem/ymodem.o
 .text._rym_do_recv
                0x08044b34       0xa4 ./rt-thread/components/utilities/ymodem/ymodem.o
 .text.rym_recv_on_device
                0x08044bd8       0xf0 ./rt-thread/components/utilities/ymodem/ymodem.o
                0x08044bd8                rym_recv_on_device
 .text.ulog_console_backend_output
                0x08044cc8       0x50 ./rt-thread/components/utilities/ulog/backend/console_be.o
                0x08044cc8                ulog_console_backend_output
 .text.ulog_console_backend_init
                0x08044d18       0x2c ./rt-thread/components/utilities/ulog/backend/console_be.o
                0x08044d18                ulog_console_backend_init
 .text.rt_slist_init
                0x08044d44       0x18 ./rt-thread/components/utilities/ulog/ulog.o
 .text.rt_slist_append
                0x08044d5c       0x34 ./rt-thread/components/utilities/ulog/ulog.o
 .text.rt_slist_first
                0x08044d90       0x18 ./rt-thread/components/utilities/ulog/ulog.o
 .text.rt_slist_next
                0x08044da8       0x18 ./rt-thread/components/utilities/ulog/ulog.o
 .text.ulog_strcpy
                0x08044dc0       0x74 ./rt-thread/components/utilities/ulog/ulog.o
                0x08044dc0                ulog_strcpy
 .text.ulog_ultoa
                0x08044e34       0xac ./rt-thread/components/utilities/ulog/ulog.o
                0x08044e34                ulog_ultoa
 .text.output_unlock
                0x08044ee0       0x1c ./rt-thread/components/utilities/ulog/ulog.o
 .text.output_lock
                0x08044efc       0x20 ./rt-thread/components/utilities/ulog/ulog.o
 .text.get_log_buf
                0x08044f1c       0x28 ./rt-thread/components/utilities/ulog/ulog.o
 .text.ulog_formater
                0x08044f44      0x2bc ./rt-thread/components/utilities/ulog/ulog.o
                0x08044f44                ulog_formater
 .text.ulog_output_to_all_backend
                0x08045200       0xc0 ./rt-thread/components/utilities/ulog/ulog.o
                0x08045200                ulog_output_to_all_backend
 .text.do_output
                0x080452c0       0x48 ./rt-thread/components/utilities/ulog/ulog.o
 .text.ulog_voutput
                0x08045308       0xa8 ./rt-thread/components/utilities/ulog/ulog.o
                0x08045308                ulog_voutput
 .text.ulog_output
                0x080453b0       0x34 ./rt-thread/components/utilities/ulog/ulog.o
                0x080453b0                ulog_output
 .text.ulog_backend_register
                0x080453e4       0xb8 ./rt-thread/components/utilities/ulog/ulog.o
                0x080453e4                ulog_backend_register
 .text.ulog_init
                0x0804549c       0x3c ./rt-thread/components/utilities/ulog/ulog.o
                0x0804549c                ulog_init
 .text.atol     0x080454d8       0x84 ./rt-thread/components/libc/compilers/minilibc/stdlib.o
                0x080454d8                atol
 .text.malloc   0x0804555c       0x18 ./rt-thread/components/libc/compilers/minilibc/stdlib.o
                0x0804555c                malloc
 .text.strncpy  0x08045574       0x20 ./rt-thread/components/libc/compilers/minilibc/string.o
                0x08045574                strncpy
 .text.strcmp   0x08045594       0x44 ./rt-thread/components/libc/compilers/minilibc/string.o
                0x08045594                strcmp
 .text.strncmp  0x080455d8       0x4c ./rt-thread/components/libc/compilers/minilibc/string.o
                0x080455d8                strncmp
 .text.__toupper
                0x08045624       0x30 ./rt-thread/components/libc/compilers/minilibc/string.o
 .text.toupper  0x08045654       0x1c ./rt-thread/components/libc/compilers/minilibc/string.o
                0x08045654                toupper
 .text.simple_strtoul
                0x08045670       0xf0 ./rt-thread/components/libc/compilers/minilibc/string.o
                0x08045670                simple_strtoul
 .text.simple_strtol
                0x08045760       0x3c ./rt-thread/components/libc/compilers/minilibc/string.o
                0x08045760                simple_strtol
 .text.strtol   0x0804579c       0x24 ./rt-thread/components/libc/compilers/minilibc/string.o
                0x0804579c                strtol
 .text.rt_list_isempty
                0x080457c0       0x24 ./rt-thread/components/finsh/cmd.o
 .text.rt_list_len
                0x080457e4       0x34 ./rt-thread/components/finsh/cmd.o
 .text.hello    0x08045818       0x14 ./rt-thread/components/finsh/cmd.o
                0x08045818                hello
 .text.version  0x0804582c       0x10 ./rt-thread/components/finsh/cmd.o
                0x0804582c                version
 .text.object_split
                0x0804583c       0x28 ./rt-thread/components/finsh/cmd.o
 .text.list_find_init
                0x08045864       0x48 ./rt-thread/components/finsh/cmd.o
 .text.list_get_next
                0x080458ac       0xc8 ./rt-thread/components/finsh/cmd.o
 .text.list_thread
                0x08045974      0x208 ./rt-thread/components/finsh/cmd.o
                0x08045974                list_thread
 .text.show_wait_queue
                0x08045b7c       0x50 ./rt-thread/components/finsh/cmd.o
 .text.list_sem
                0x08045bcc      0x12c ./rt-thread/components/finsh/cmd.o
                0x08045bcc                list_sem
 .text.list_event
                0x08045cf8      0x118 ./rt-thread/components/finsh/cmd.o
                0x08045cf8                list_event
 .text.list_mutex
                0x08045e10       0xe8 ./rt-thread/components/finsh/cmd.o
                0x08045e10                list_mutex
 .text.list_mailbox
                0x08045ef8      0x13c ./rt-thread/components/finsh/cmd.o
                0x08045ef8                list_mailbox
 .text.list_msgqueue
                0x08046034      0x12c ./rt-thread/components/finsh/cmd.o
                0x08046034                list_msgqueue
 .text.list_mempool
                0x08046160      0x144 ./rt-thread/components/finsh/cmd.o
                0x08046160                list_mempool
 .text.list_timer
                0x080462a4      0x108 ./rt-thread/components/finsh/cmd.o
                0x080462a4                list_timer
 .text.list_device
                0x080463ac       0xf0 ./rt-thread/components/finsh/cmd.o
                0x080463ac                list_device
 .text.list     0x0804649c       0x6c ./rt-thread/components/finsh/cmd.o
                0x0804649c                list
 .text.msh_is_used
                0x08046508       0x10 ./rt-thread/components/finsh/msh.o
                0x08046508                msh_is_used
 .text.msh_help
                0x08046518       0x7c ./rt-thread/components/finsh/msh.o
                0x08046518                msh_help
 .text.cmd_ps   0x08046594       0x18 ./rt-thread/components/finsh/msh.o
                0x08046594                cmd_ps
 .text.cmd_free
                0x080465ac       0x18 ./rt-thread/components/finsh/msh.o
                0x080465ac                cmd_free
 .text.msh_split
                0x080465c4      0x170 ./rt-thread/components/finsh/msh.o
 .text.msh_get_cmd
                0x08046734       0x80 ./rt-thread/components/finsh/msh.o
 .text._msh_exec_cmd
                0x080467b4       0xd4 ./rt-thread/components/finsh/msh.o
 .text.msh_exec
                0x08046888       0x84 ./rt-thread/components/finsh/msh.o
                0x08046888                msh_exec
 .text.str_common
                0x0804690c       0x48 ./rt-thread/components/finsh/msh.o
 .text.msh_auto_complete
                0x08046954       0xd0 ./rt-thread/components/finsh/msh.o
                0x08046954                msh_auto_complete
 .text.finsh_get_prompt
                0x08046a24       0xa0 ./rt-thread/components/finsh/shell.o
                0x08046a24                finsh_get_prompt
 .text.finsh_set_prompt_mode
                0x08046ac4       0x48 ./rt-thread/components/finsh/shell.o
                0x08046ac4                finsh_set_prompt_mode
 .text.finsh_getchar
                0x08046b0c       0x5c ./rt-thread/components/finsh/shell.o
 .text.finsh_rx_ind
                0x08046b68       0x3c ./rt-thread/components/finsh/shell.o
 .text.finsh_set_device
                0x08046ba4       0xd8 ./rt-thread/components/finsh/shell.o
                0x08046ba4                finsh_set_device
 .text.shell_auto_complete
                0x08046c7c       0x40 ./rt-thread/components/finsh/shell.o
 .text.shell_handle_history
                0x08046cbc       0x34 ./rt-thread/components/finsh/shell.o
 .text.shell_push_history
                0x08046cf0      0x160 ./rt-thread/components/finsh/shell.o
 .text.finsh_thread_entry
                0x08046e50      0x5d8 ./rt-thread/components/finsh/shell.o
                0x08046e50                finsh_thread_entry
 .text.finsh_system_function_init
                0x08047428       0x28 ./rt-thread/components/finsh/shell.o
                0x08047428                finsh_system_function_init
 .text.finsh_system_var_init
                0x08047450       0x28 ./rt-thread/components/finsh/shell.o
                0x08047450                finsh_system_var_init
 .text.finsh_system_init
                0x08047478       0xac ./rt-thread/components/finsh/shell.o
                0x08047478                finsh_system_init
 .text.rt_list_init
                0x08047524       0x20 ./rt-thread/components/drivers/src/completion.o
 .text.rt_list_insert_before
                0x08047544       0x30 ./rt-thread/components/drivers/src/completion.o
 .text.rt_list_isempty
                0x08047574       0x24 ./rt-thread/components/drivers/src/completion.o
 .text.rt_completion_init
                0x08047598       0x44 ./rt-thread/components/drivers/src/completion.o
                0x08047598                rt_completion_init
 .text.rt_completion_wait
                0x080475dc       0xfc ./rt-thread/components/drivers/src/completion.o
                0x080475dc                rt_completion_wait
 .text.rt_completion_done
                0x080476d8       0x70 ./rt-thread/components/drivers/src/completion.o
                0x080476d8                rt_completion_done
 .text._serial_poll_rx
                0x08047748       0x74 ./rt-thread/components/drivers/serial/serial.o
 .text._serial_poll_tx
                0x080477bc       0x7c ./rt-thread/components/drivers/serial/serial.o
 .text._serial_int_rx
                0x08047838       0xd8 ./rt-thread/components/drivers/serial/serial.o
 .text._serial_int_tx
                0x08047910       0x90 ./rt-thread/components/drivers/serial/serial.o
 .text._serial_check_buffer_size
                0x080479a0       0x30 ./rt-thread/components/drivers/serial/serial.o
 .text.rt_serial_init
                0x080479d0       0x5c ./rt-thread/components/drivers/serial/serial.o
 .text.rt_serial_open
                0x08047a2c      0x20c ./rt-thread/components/drivers/serial/serial.o
 .text.rt_serial_close
                0x08047c38       0xe0 ./rt-thread/components/drivers/serial/serial.o
 .text.rt_serial_read
                0x08047d18       0x68 ./rt-thread/components/drivers/serial/serial.o
 .text.rt_serial_write
                0x08047d80       0x68 ./rt-thread/components/drivers/serial/serial.o
 .text.rt_serial_control
                0x08047de8       0xd0 ./rt-thread/components/drivers/serial/serial.o
 .text.rt_hw_serial_register
                0x08047eb8       0x9c ./rt-thread/components/drivers/serial/serial.o
                0x08047eb8                rt_hw_serial_register
 .text.rt_hw_serial_isr
                0x08047f54      0x14c ./rt-thread/components/drivers/serial/serial.o
                0x08047f54                rt_hw_serial_isr
 .text._pin_read
                0x080480a0       0x60 ./rt-thread/components/drivers/misc/pin.o
 .text._pin_write
                0x08048100       0x5c ./rt-thread/components/drivers/misc/pin.o
 .text._pin_control
                0x0804815c       0x58 ./rt-thread/components/drivers/misc/pin.o
 .text.rt_device_pin_register
                0x080481b4       0x74 ./rt-thread/components/drivers/misc/pin.o
                0x080481b4                rt_device_pin_register
 .text.rt_pin_mode
                0x08048228       0x40 ./rt-thread/components/drivers/misc/pin.o
                0x08048228                rt_pin_mode
 .text.rt_pin_write
                0x08048268       0x40 ./rt-thread/components/drivers/misc/pin.o
                0x08048268                rt_pin_write
 .text.rt_pin_read
                0x080482a8       0x3c ./rt-thread/components/drivers/misc/pin.o
                0x080482a8                rt_pin_read
 .text.ymodem_on_begin
                0x080482e4      0x114 ./packages/ota_downloader-latest/src/ymodem_ota.o
 .text.ymodem_on_data
                0x080483f8       0x60 ./packages/ota_downloader-latest/src/ymodem_ota.o
 .text.ymodem_ota
                0x08048458       0xfc ./packages/ota_downloader-latest/src/ymodem_ota.o
                0x08048458                ymodem_ota
 .text.fal_init
                0x08048554       0x94 ./packages/fal-v0.5.0/src/fal.o
                0x08048554                fal_init
 .text.fal_init_check
                0x080485e8       0x14 ./packages/fal-v0.5.0/src/fal.o
                0x080485e8                fal_init_check
 .text.fal_flash_init
                0x080485fc       0xdc ./packages/fal-v0.5.0/src/fal_flash.o
                0x080485fc                fal_flash_init
 .text.fal_flash_device_find
                0x080486d8       0x9c ./packages/fal-v0.5.0/src/fal_flash.o
                0x080486d8                fal_flash_device_find
 .text.fal_show_part_table
                0x08048774      0x16c ./packages/fal-v0.5.0/src/fal_partition.o
                0x08048774                fal_show_part_table
 .text.fal_partition_init
                0x080488e0      0x110 ./packages/fal-v0.5.0/src/fal_partition.o
                0x080488e0                fal_partition_init
 .text.fal_partition_find
                0x080489f0       0x7c ./packages/fal-v0.5.0/src/fal_partition.o
                0x080489f0                fal_partition_find
 .text.fal_partition_read
                0x08048a6c      0x10c ./packages/fal-v0.5.0/src/fal_partition.o
                0x08048a6c                fal_partition_read
 .text.fal_partition_write
                0x08048b78      0x10c ./packages/fal-v0.5.0/src/fal_partition.o
                0x08048b78                fal_partition_write
 .text.fal_partition_erase
                0x08048c84       0xf4 ./packages/fal-v0.5.0/src/fal_partition.o
                0x08048c84                fal_partition_erase
 .text.fal      0x08048d78      0x858 ./packages/fal-v0.5.0/src/fal_rtt.o
 .text.HAL_Init
                0x080495d0       0x2c ./libraries/STM32F1xx_HAL_Driver/Src/stm32f1xx_hal.o
                0x080495d0                HAL_Init
 .text.HAL_MspInit
                0x080495fc        0xc ./libraries/STM32F1xx_HAL_Driver/Src/stm32f1xx_hal.o
                0x080495fc                HAL_MspInit
 .text.HAL_IncTick
                0x08049608       0x24 ./libraries/STM32F1xx_HAL_Driver/Src/stm32f1xx_hal.o
                0x08049608                HAL_IncTick
 .text.__NVIC_SetPriorityGrouping
                0x0804962c       0x48 ./libraries/STM32F1xx_HAL_Driver/Src/stm32f1xx_hal_cortex.o
 .text.__NVIC_GetPriorityGrouping
                0x08049674       0x1c ./libraries/STM32F1xx_HAL_Driver/Src/stm32f1xx_hal_cortex.o
 .text.__NVIC_EnableIRQ
                0x08049690       0x38 ./libraries/STM32F1xx_HAL_Driver/Src/stm32f1xx_hal_cortex.o
 .text.__NVIC_DisableIRQ
                0x080496c8       0x44 ./libraries/STM32F1xx_HAL_Driver/Src/stm32f1xx_hal_cortex.o
 .text.__NVIC_SetPriority
                0x0804970c       0x54 ./libraries/STM32F1xx_HAL_Driver/Src/stm32f1xx_hal_cortex.o
 .text.NVIC_EncodePriority
                0x08049760       0x60 ./libraries/STM32F1xx_HAL_Driver/Src/stm32f1xx_hal_cortex.o
 .text.SysTick_Config
                0x080497c0       0x44 ./libraries/STM32F1xx_HAL_Driver/Src/stm32f1xx_hal_cortex.o
 .text.HAL_NVIC_SetPriorityGrouping
                0x08049804       0x18 ./libraries/STM32F1xx_HAL_Driver/Src/stm32f1xx_hal_cortex.o
                0x08049804                HAL_NVIC_SetPriorityGrouping
 .text.HAL_NVIC_SetPriority
                0x0804981c       0x38 ./libraries/STM32F1xx_HAL_Driver/Src/stm32f1xx_hal_cortex.o
                0x0804981c                HAL_NVIC_SetPriority
 .text.HAL_NVIC_EnableIRQ
                0x08049854       0x1c ./libraries/STM32F1xx_HAL_Driver/Src/stm32f1xx_hal_cortex.o
                0x08049854                HAL_NVIC_EnableIRQ
 .text.HAL_NVIC_DisableIRQ
                0x08049870       0x1c ./libraries/STM32F1xx_HAL_Driver/Src/stm32f1xx_hal_cortex.o
                0x08049870                HAL_NVIC_DisableIRQ
 .text.HAL_SYSTICK_Config
                0x0804988c       0x18 ./libraries/STM32F1xx_HAL_Driver/Src/stm32f1xx_hal_cortex.o
                0x0804988c                HAL_SYSTICK_Config
 .text.HAL_SYSTICK_CLKSourceConfig
                0x080498a4       0x38 ./libraries/STM32F1xx_HAL_Driver/Src/stm32f1xx_hal_cortex.o
                0x080498a4                HAL_SYSTICK_CLKSourceConfig
 .text.HAL_DMA_Start_IT
                0x080498dc       0xc0 ./libraries/STM32F1xx_HAL_Driver/Src/stm32f1xx_hal_dma.o
                0x080498dc                HAL_DMA_Start_IT
 .text.DMA_SetConfig
                0x0804999c       0x5c ./libraries/STM32F1xx_HAL_Driver/Src/stm32f1xx_hal_dma.o
 .text.HAL_FLASH_Program
                0x080499f8       0xe0 ./libraries/STM32F1xx_HAL_Driver/Src/stm32f1xx_hal_flash.o
                0x080499f8                HAL_FLASH_Program
 .text.HAL_FLASH_Unlock
                0x08049ad8       0x4c ./libraries/STM32F1xx_HAL_Driver/Src/stm32f1xx_hal_flash.o
                0x08049ad8                HAL_FLASH_Unlock
 .text.HAL_FLASH_Lock
                0x08049b24       0x20 ./libraries/STM32F1xx_HAL_Driver/Src/stm32f1xx_hal_flash.o
                0x08049b24                HAL_FLASH_Lock
 .text.FLASH_Program_HalfWord
                0x08049b44       0x38 ./libraries/STM32F1xx_HAL_Driver/Src/stm32f1xx_hal_flash.o
 .text.FLASH_WaitForLastOperation
                0x08049b7c       0x8c ./libraries/STM32F1xx_HAL_Driver/Src/stm32f1xx_hal_flash.o
                0x08049b7c                FLASH_WaitForLastOperation
 .text.FLASH_SetErrorCode
                0x08049c08       0xa0 ./libraries/STM32F1xx_HAL_Driver/Src/stm32f1xx_hal_flash.o
 .text.HAL_FLASHEx_Erase
                0x08049ca8       0xd8 ./libraries/STM32F1xx_HAL_Driver/Src/stm32f1xx_hal_flash_ex.o
                0x08049ca8                HAL_FLASHEx_Erase
 .text.FLASH_MassErase
                0x08049d80       0x38 ./libraries/STM32F1xx_HAL_Driver/Src/stm32f1xx_hal_flash_ex.o
 .text.FLASH_PageErase
                0x08049db8       0x40 ./libraries/STM32F1xx_HAL_Driver/Src/stm32f1xx_hal_flash_ex.o
                0x08049db8                FLASH_PageErase
 .text.HAL_GPIO_Init
                0x08049df8      0x2d4 ./libraries/STM32F1xx_HAL_Driver/Src/stm32f1xx_hal_gpio.o
                0x08049df8                HAL_GPIO_Init
 .text.HAL_GPIO_DeInit
                0x0804a0cc      0x198 ./libraries/STM32F1xx_HAL_Driver/Src/stm32f1xx_hal_gpio.o
                0x0804a0cc                HAL_GPIO_DeInit
 .text.HAL_GPIO_ReadPin
                0x0804a264       0x30 ./libraries/STM32F1xx_HAL_Driver/Src/stm32f1xx_hal_gpio.o
                0x0804a264                HAL_GPIO_ReadPin
 .text.HAL_GPIO_WritePin
                0x0804a294       0x30 ./libraries/STM32F1xx_HAL_Driver/Src/stm32f1xx_hal_gpio.o
                0x0804a294                HAL_GPIO_WritePin
 .text.HAL_GPIO_EXTI_IRQHandler
                0x0804a2c4       0x30 ./libraries/STM32F1xx_HAL_Driver/Src/stm32f1xx_hal_gpio.o
                0x0804a2c4                HAL_GPIO_EXTI_IRQHandler
 .text.HAL_RCC_OscConfig
                0x0804a2f4      0x4fc ./libraries/STM32F1xx_HAL_Driver/Src/stm32f1xx_hal_rcc.o
                0x0804a2f4                HAL_RCC_OscConfig
 .text.HAL_RCC_ClockConfig
                0x0804a7f0      0x1d4 ./libraries/STM32F1xx_HAL_Driver/Src/stm32f1xx_hal_rcc.o
                0x0804a7f0                HAL_RCC_ClockConfig
 .text.HAL_RCC_GetSysClockFreq
                0x0804a9c4       0xc8 ./libraries/STM32F1xx_HAL_Driver/Src/stm32f1xx_hal_rcc.o
                0x0804a9c4                HAL_RCC_GetSysClockFreq
 .text.HAL_RCC_GetHCLKFreq
                0x0804aa8c       0x14 ./libraries/STM32F1xx_HAL_Driver/Src/stm32f1xx_hal_rcc.o
                0x0804aa8c                HAL_RCC_GetHCLKFreq
 .text.HAL_RCC_GetPCLK1Freq
                0x0804aaa0       0x28 ./libraries/STM32F1xx_HAL_Driver/Src/stm32f1xx_hal_rcc.o
                0x0804aaa0                HAL_RCC_GetPCLK1Freq
 .text.HAL_RCC_GetPCLK2Freq
                0x0804aac8       0x28 ./libraries/STM32F1xx_HAL_Driver/Src/stm32f1xx_hal_rcc.o
                0x0804aac8                HAL_RCC_GetPCLK2Freq
 .text.RCC_Delay
                0x0804aaf0       0x3c ./libraries/STM32F1xx_HAL_Driver/Src/stm32f1xx_hal_rcc.o
 .text.HAL_UART_Init
                0x0804ab2c       0x9c ./libraries/STM32F1xx_HAL_Driver/Src/stm32f1xx_hal_uart.o
                0x0804ab2c                HAL_UART_Init
 .text.HAL_UART_MspInit
                0x0804abc8       0x14 ./libraries/STM32F1xx_HAL_Driver/Src/stm32f1xx_hal_uart.o
                0x0804abc8                HAL_UART_MspInit
 .text.HAL_UART_Transmit_DMA
                0x0804abdc       0xd8 ./libraries/STM32F1xx_HAL_Driver/Src/stm32f1xx_hal_uart.o
                0x0804abdc                HAL_UART_Transmit_DMA
 .text.HAL_UART_TxCpltCallback
                0x0804acb4       0x14 ./libraries/STM32F1xx_HAL_Driver/Src/stm32f1xx_hal_uart.o
                0x0804acb4                HAL_UART_TxCpltCallback
 .text.HAL_UART_TxHalfCpltCallback
                0x0804acc8       0x14 ./libraries/STM32F1xx_HAL_Driver/Src/stm32f1xx_hal_uart.o
                0x0804acc8                HAL_UART_TxHalfCpltCallback
 .text.HAL_UART_ErrorCallback
                0x0804acdc       0x14 ./libraries/STM32F1xx_HAL_Driver/Src/stm32f1xx_hal_uart.o
                0x0804acdc                HAL_UART_ErrorCallback
 .text.UART_DMATransmitCplt
                0x0804acf0       0x54 ./libraries/STM32F1xx_HAL_Driver/Src/stm32f1xx_hal_uart.o
 .text.UART_DMATxHalfCplt
                0x0804ad44       0x1c ./libraries/STM32F1xx_HAL_Driver/Src/stm32f1xx_hal_uart.o
 .text.UART_DMAError
                0x0804ad60       0x94 ./libraries/STM32F1xx_HAL_Driver/Src/stm32f1xx_hal_uart.o
 .text.UART_EndTxTransfer
                0x0804adf4       0x2c ./libraries/STM32F1xx_HAL_Driver/Src/stm32f1xx_hal_uart.o
 .text.UART_EndRxTransfer
                0x0804ae20       0x3c ./libraries/STM32F1xx_HAL_Driver/Src/stm32f1xx_hal_uart.o
 .text.UART_SetConfig
                0x0804ae5c      0x1b4 ./libraries/STM32F1xx_HAL_Driver/Src/stm32f1xx_hal_uart.o
 .text.Reset_Handler
                0x0804b010       0x44 ./libraries/CMSIS/Device/ST/STM32F1xx/Source/Templates/gcc/startup_stm32f103xe.o
                0x0804b010                Reset_Handler
 .text.Default_Handler
                0x0804b054        0x2 ./libraries/CMSIS/Device/ST/STM32F1xx/Source/Templates/gcc/startup_stm32f103xe.o
                0x0804b054                RTC_Alarm_IRQHandler
                0x0804b054                TIM8_TRG_COM_IRQHandler
                0x0804b054                TIM8_CC_IRQHandler
                0x0804b054                DebugMon_Handler
                0x0804b054                TIM1_CC_IRQHandler
                0x0804b054                TIM6_IRQHandler
                0x0804b054                PVD_IRQHandler
                0x0804b054                SDIO_IRQHandler
                0x0804b054                NMI_Handler
                0x0804b054                I2C2_EV_IRQHandler
                0x0804b054                UsageFault_Handler
                0x0804b054                ADC1_2_IRQHandler
                0x0804b054                SPI1_IRQHandler
                0x0804b054                TAMPER_IRQHandler
                0x0804b054                TIM8_UP_IRQHandler
                0x0804b054                DMA2_Channel2_IRQHandler
                0x0804b054                DMA1_Channel4_IRQHandler
                0x0804b054                USART3_IRQHandler
                0x0804b054                RTC_IRQHandler
                0x0804b054                DMA1_Channel7_IRQHandler
                0x0804b054                CAN1_RX1_IRQHandler
                0x0804b054                UART5_IRQHandler
                0x0804b054                ADC3_IRQHandler
                0x0804b054                TIM4_IRQHandler
                0x0804b054                DMA2_Channel1_IRQHandler
                0x0804b054                I2C1_EV_IRQHandler
                0x0804b054                DMA1_Channel6_IRQHandler
                0x0804b054                UART4_IRQHandler
                0x0804b054                TIM3_IRQHandler
                0x0804b054                RCC_IRQHandler
                0x0804b054                TIM1_TRG_COM_IRQHandler
                0x0804b054                DMA1_Channel1_IRQHandler
                0x0804b054                Default_Handler
                0x0804b054                TIM7_IRQHandler
                0x0804b054                TIM5_IRQHandler
                0x0804b054                SPI2_IRQHandler
                0x0804b054                MemManage_Handler
                0x0804b054                SVC_Handler
                0x0804b054                DMA1_Channel5_IRQHandler
                0x0804b054                USB_LP_CAN1_RX0_IRQHandler
                0x0804b054                USB_HP_CAN1_TX_IRQHandler
                0x0804b054                DMA1_Channel3_IRQHandler
                0x0804b054                FSMC_IRQHandler
                0x0804b054                TIM1_UP_IRQHandler
                0x0804b054                WWDG_IRQHandler
                0x0804b054                TIM2_IRQHandler
                0x0804b054                TIM1_BRK_IRQHandler
                0x0804b054                DMA2_Channel4_5_IRQHandler
                0x0804b054                USART2_IRQHandler
                0x0804b054                I2C2_ER_IRQHandler
                0x0804b054                DMA1_Channel2_IRQHandler
                0x0804b054                TIM8_BRK_IRQHandler
                0x0804b054                CAN1_SCE_IRQHandler
                0x0804b054                FLASH_IRQHandler
                0x0804b054                BusFault_Handler
                0x0804b054                SPI3_IRQHandler
                0x0804b054                I2C1_ER_IRQHandler
                0x0804b054                USBWakeUp_IRQHandler
                0x0804b054                DMA2_Channel3_IRQHandler
 *fill*         0x0804b056        0x2 00000000
 .text.SystemInit
                0x0804b058       0x68 ./libraries/CMSIS/Device/ST/STM32F1xx/Source/Templates/system_stm32f1xx.o
                0x0804b058                SystemInit
 .text.SystemClock_Config
                0x0804b0c0       0x90 ./drivers/board.o
                0x0804b0c0                SystemClock_Config
 .text.clock_information
                0x0804b150       0x10 ./drivers/board.o
                0x0804b150                clock_information
 .text.reboot   0x0804b160       0x18 ./drivers/drv_common.o
 .text.rt_hw_systick_init
                0x0804b178       0x34 ./drivers/drv_common.o
                0x0804b178                rt_hw_systick_init
 .text.SysTick_Handler
                0x0804b1ac       0x18 ./drivers/drv_common.o
                0x0804b1ac                SysTick_Handler
 .text.HAL_GetTick
                0x0804b1c4       0x24 ./drivers/drv_common.o
                0x0804b1c4                HAL_GetTick
 .text.HAL_InitTick
                0x0804b1e8       0x14 ./drivers/drv_common.o
                0x0804b1e8                HAL_InitTick
 .text._Error_Handler
                0x0804b1fc        0xc ./drivers/drv_common.o
                0x0804b1fc                _Error_Handler
 .text.rt_hw_board_init
                0x0804b208       0x54 ./drivers/drv_common.o
                0x0804b208                rt_hw_board_init
 .text.GetPage  0x0804b25c       0x24 ./drivers/drv_flash_f1.o
 .text.stm32_flash_read
                0x0804b280       0x70 ./drivers/drv_flash_f1.o
                0x0804b280                stm32_flash_read
 .text.stm32_flash_write
                0x0804b2f0       0xd0 ./drivers/drv_flash_f1.o
                0x0804b2f0                stm32_flash_write
 .text.stm32_flash_erase_bank
                0x0804b3c0       0x9c ./drivers/drv_flash_f1.o
                0x0804b3c0                stm32_flash_erase_bank
 .text.stm32_flash_erase
                0x0804b45c       0x20 ./drivers/drv_flash_f1.o
                0x0804b45c                stm32_flash_erase
 .text.get_pin  0x0804b47c       0x44 ./drivers/drv_gpio.o
 .text.stm32_pin_write
                0x0804b4c0       0x3c ./drivers/drv_gpio.o
 .text.stm32_pin_read
                0x0804b4fc       0x44 ./drivers/drv_gpio.o
 .text.stm32_pin_mode
                0x0804b540       0x98 ./drivers/drv_gpio.o
 .text.bit2bitno
                0x0804b5d8       0x3c ./drivers/drv_gpio.o
 .text.get_pin_irq_map
                0x0804b614       0x34 ./drivers/drv_gpio.o
 .text.stm32_pin_attach_irq
                0x0804b648      0x148 ./drivers/drv_gpio.o
 .text.stm32_pin_dettach_irq
                0x0804b790       0xd0 ./drivers/drv_gpio.o
 .text.stm32_pin_irq_enable
                0x0804b860      0x1e0 ./drivers/drv_gpio.o
 .text.pin_irq_hdr
                0x0804ba40       0x54 ./drivers/drv_gpio.o
 .text.HAL_GPIO_EXTI_Callback
                0x0804ba94       0x24 ./drivers/drv_gpio.o
                0x0804ba94                HAL_GPIO_EXTI_Callback
 .text.EXTI0_IRQHandler
                0x0804bab8       0x18 ./drivers/drv_gpio.o
                0x0804bab8                EXTI0_IRQHandler
 .text.EXTI1_IRQHandler
                0x0804bad0       0x18 ./drivers/drv_gpio.o
                0x0804bad0                EXTI1_IRQHandler
 .text.EXTI2_IRQHandler
                0x0804bae8       0x18 ./drivers/drv_gpio.o
                0x0804bae8                EXTI2_IRQHandler
 .text.EXTI3_IRQHandler
                0x0804bb00       0x18 ./drivers/drv_gpio.o
                0x0804bb00                EXTI3_IRQHandler
 .text.EXTI4_IRQHandler
                0x0804bb18       0x18 ./drivers/drv_gpio.o
                0x0804bb18                EXTI4_IRQHandler
 .text.EXTI9_5_IRQHandler
                0x0804bb30       0x34 ./drivers/drv_gpio.o
                0x0804bb30                EXTI9_5_IRQHandler
 .text.EXTI15_10_IRQHandler
                0x0804bb64       0x40 ./drivers/drv_gpio.o
                0x0804bb64                EXTI15_10_IRQHandler
 .text.rt_hw_pin_init
                0x0804bba4       0xd0 ./drivers/drv_gpio.o
                0x0804bba4                rt_hw_pin_init
 .text.__NVIC_EnableIRQ
                0x0804bc74       0x38 ./drivers/drv_usart.o
 .text.__NVIC_DisableIRQ
                0x0804bcac       0x44 ./drivers/drv_usart.o
 .text.stm32_uart_clk_enable
                0x0804bcf0       0x48 ./drivers/drv_usart.o
 .text.stm32_gpio_clk_enable
                0x0804bd38      0x170 ./drivers/drv_usart.o
 .text.stm32_get_pin
                0x0804bea8       0x38 ./drivers/drv_usart.o
 .text.stm32_gpio_configure
                0x0804bee0      0x25c ./drivers/drv_usart.o
 .text.stm32_configure
                0x0804c13c      0x12c ./drivers/drv_usart.o
 .text.stm32_control
                0x0804c268       0x80 ./drivers/drv_usart.o
 .text.stm32_putc
                0x0804c2e8       0x58 ./drivers/drv_usart.o
 .text.stm32_getc
                0x0804c340       0x50 ./drivers/drv_usart.o
 .text.stm32_dma_transmit
                0x0804c390       0x64 ./drivers/drv_usart.o
 .text.uart_isr
                0x0804c3f4      0x160 ./drivers/drv_usart.o
 .text.USART1_IRQHandler
                0x0804c554       0x1c ./drivers/drv_usart.o
                0x0804c554                USART1_IRQHandler
 .text.stm32_uart_get_dma_config
                0x0804c570       0x18 ./drivers/drv_usart.o
 .text.rt_hw_usart_init
                0x0804c588       0xf8 ./drivers/drv_usart.o
                0x0804c588                rt_hw_usart_init
 .text.main     0x0804c680       0x30 ./applications/main.o
                0x0804c680                main
 .text.ota_app_vtor_reconfig
                0x0804c6b0       0x1c ./applications/main.o
 .text.usr_fal_flash_read
                0x0804c6cc       0x2c ./applications/stm32f1xx_flash_ops.o
                0x0804c6cc                usr_fal_flash_read
 .text.usr_fal_flash_write
                0x0804c6f8       0x2c ./applications/stm32f1xx_flash_ops.o
                0x0804c6f8                usr_fal_flash_write
 .text.usr_fal_flash_erase
                0x0804c724       0x28 ./applications/stm32f1xx_flash_ops.o
                0x0804c724                usr_fal_flash_erase
 .text.startup.register_fini
                0x0804c74c       0x14 g:/rt-threadstudio/repo/extract/toolchain_support_packages/arm/gnu_tools_for_arm_embedded_processors/5.4.1/bin/../lib/gcc/arm-none-eabi/5.4.1/../../../../arm-none-eabi/lib/armv7-m\libg.a(lib_a-__call_atexit.o)
 .text.atexit   0x0804c760        0xc g:/rt-threadstudio/repo/extract/toolchain_support_packages/arm/gnu_tools_for_arm_embedded_processors/5.4.1/bin/../lib/gcc/arm-none-eabi/5.4.1/../../../../arm-none-eabi/lib/armv7-m\libg.a(lib_a-atexit.o)
                0x0804c760                atexit
 .text.__libc_fini_array
                0x0804c76c       0x28 g:/rt-threadstudio/repo/extract/toolchain_support_packages/arm/gnu_tools_for_arm_embedded_processors/5.4.1/bin/../lib/gcc/arm-none-eabi/5.4.1/../../../../arm-none-eabi/lib/armv7-m\libg.a(lib_a-fini.o)
                0x0804c76c                __libc_fini_array
 .text.__register_exitproc
                0x0804c794       0xa4 g:/rt-threadstudio/repo/extract/toolchain_support_packages/arm/gnu_tools_for_arm_embedded_processors/5.4.1/bin/../lib/gcc/arm-none-eabi/5.4.1/../../../../arm-none-eabi/lib/armv7-m\libg.a(lib_a-__atexit.o)
                0x0804c794                __register_exitproc
 *(.rodata)
 .rodata        0x0804c838       0x17 ./rt-thread/src/components.o
 *fill*         0x0804c84f        0x1 00000000
 .rodata        0x0804c850      0x10c ./rt-thread/src/device.o
 .rodata        0x0804c95c       0x34 ./rt-thread/src/idle.o
 .rodata        0x0804c990      0x476 ./rt-thread/src/ipc.o
 *fill*         0x0804ce06        0x2 00000000
 .rodata        0x0804ce08       0xc7 ./rt-thread/src/kservice.o
 *fill*         0x0804cecf        0x1 00000000
 .rodata        0x0804ced0      0x2fa ./rt-thread/src/mem.o
 *fill*         0x0804d1ca        0x2 00000000
 .rodata        0x0804d1cc       0x91 ./rt-thread/src/object.o
 *fill*         0x0804d25d        0x3 00000000
 .rodata        0x0804d260       0x65 ./rt-thread/src/scheduler.o
 *fill*         0x0804d2c5        0x3 00000000
 .rodata        0x0804d2c8      0x1b7 ./rt-thread/src/thread.o
 *fill*         0x0804d47f        0x1 00000000
 .rodata        0x0804d480       0xde ./rt-thread/src/timer.o
 *fill*         0x0804d55e        0x2 00000000
 .rodata        0x0804d560      0x2be ./rt-thread/libcpu/arm/cortex-m3/cpuport.o
 *fill*         0x0804d81e        0x2 00000000
 .rodata        0x0804d820       0x1b ./rt-thread/components/utilities/ymodem/ymodem.o
 *fill*         0x0804d83b        0x1 00000000
 .rodata        0x0804d83c        0x8 ./rt-thread/components/utilities/ulog/backend/console_be.o
 .rodata        0x0804d844      0x126 ./rt-thread/components/utilities/ulog/ulog.o
 *fill*         0x0804d96a        0x2 00000000
 .rodata        0x0804d96c      0x631 ./rt-thread/components/finsh/cmd.o
 *fill*         0x0804df9d        0x3 00000000
 .rodata        0x0804dfa0       0x80 ./rt-thread/components/finsh/msh.o
 .rodata        0x0804e020       0x99 ./rt-thread/components/finsh/shell.o
 *fill*         0x0804e0b9        0x3 00000000
 .rodata        0x0804e0bc       0x72 ./rt-thread/components/drivers/src/completion.o
 *fill*         0x0804e12e        0x2 00000000
 .rodata        0x0804e130       0xc7 ./rt-thread/components/drivers/serial/serial.o
 *fill*         0x0804e1f7        0x1 00000000
 .rodata        0x0804e1f8       0x27 ./rt-thread/components/drivers/misc/pin.o
 *fill*         0x0804e21f        0x1 00000000
 .rodata        0x0804e220      0x26b ./packages/ota_downloader-latest/src/ymodem_ota.o
 *fill*         0x0804e48b        0x1 00000000
 .rodata        0x0804e48c       0xb7 ./packages/fal-v0.5.0/src/fal.o
 *fill*         0x0804e543        0x1 00000000
 .rodata        0x0804e544      0x12e ./packages/fal-v0.5.0/src/fal_flash.o
 *fill*         0x0804e672        0x2 00000000
 .rodata        0x0804e674      0x465 ./packages/fal-v0.5.0/src/fal_partition.o
 *fill*         0x0804ead9        0x3 00000000
 .rodata        0x0804eadc      0x82c ./packages/fal-v0.5.0/src/fal_rtt.o
 .rodata        0x0804f308       0x12 ./libraries/STM32F1xx_HAL_Driver/Src/stm32f1xx_hal_rcc.o
 *fill*         0x0804f31a        0x2 00000000
 .rodata        0x0804f31c       0x13 ./drivers/board.o
 *fill*         0x0804f32f        0x1 00000000
 .rodata        0x0804f330        0x6 ./drivers/drv_common.o
 *fill*         0x0804f336        0x2 00000000
 .rodata        0x0804f338       0xba ./drivers/drv_flash_f1.o
 *fill*         0x0804f3f2        0x2 00000000
 .rodata        0x0804f3f4        0x4 ./drivers/drv_gpio.o
 .rodata        0x0804f3f8       0xf8 ./drivers/drv_usart.o
 .rodata        0x0804f4f0       0x9c ./applications/main.o
 *(.rodata*)
 .rodata.__FUNCTION__.5304
                0x0804f58c       0x14 ./rt-thread/src/components.o
 .rodata.__FUNCTION__.5196
                0x0804f5a0        0xf ./rt-thread/src/device.o
 *fill*         0x0804f5af        0x1 00000000
 .rodata.__FUNCTION__.5220
                0x0804f5b0        0xf ./rt-thread/src/device.o
 *fill*         0x0804f5bf        0x1 00000000
 .rodata.__FUNCTION__.5225
                0x0804f5c0       0x10 ./rt-thread/src/device.o
 .rodata.__FUNCTION__.5232
                0x0804f5d0        0xf ./rt-thread/src/device.o
 *fill*         0x0804f5df        0x1 00000000
 .rodata.__FUNCTION__.5239
                0x0804f5e0       0x10 ./rt-thread/src/device.o
 .rodata.__FUNCTION__.5252
                0x0804f5f0       0x1a ./rt-thread/src/device.o
 *fill*         0x0804f60a        0x2 00000000
 .rodata.__FUNCTION__.5287
                0x0804f60c       0x16 ./rt-thread/src/idle.o
 *fill*         0x0804f622        0x2 00000000
 .rodata.__FUNCTION__.5292
                0x0804f624        0xc ./rt-thread/src/ipc.o
 .rodata.__FUNCTION__.5296
                0x0804f630        0xe ./rt-thread/src/ipc.o
 *fill*         0x0804f63e        0x2 00000000
 .rodata.__FUNCTION__.5316
                0x0804f640        0xc ./rt-thread/src/ipc.o
 .rodata.__FUNCTION__.5327
                0x0804f64c        0xf ./rt-thread/src/ipc.o
 *fill*         0x0804f65b        0x1 00000000
 .rodata.__FUNCTION__.5341
                0x0804f65c        0xe ./rt-thread/src/ipc.o
 *fill*         0x0804f66a        0x2 00000000
 .rodata.__FUNCTION__.5365
                0x0804f66c        0xe ./rt-thread/src/ipc.o
 *fill*         0x0804f67a        0x2 00000000
 .rodata.__FUNCTION__.5374
                0x0804f67c       0x11 ./rt-thread/src/ipc.o
 *fill*         0x0804f68d        0x3 00000000
 .rodata.large_digits.5426
                0x0804f690       0x11 ./rt-thread/src/kservice.o
 *fill*         0x0804f6a1        0x3 00000000
 .rodata.small_digits.5425
                0x0804f6a4       0x11 ./rt-thread/src/kservice.o
 *fill*         0x0804f6b5        0x3 00000000
 .rodata.name   0x0804f6b8       0x2a ./rt-thread/src/mem.o
                0x0804f6b8                __fsym_list_mem_name
                0x0804f6c4                __fsym_list_mem_desc
 *fill*         0x0804f6e2        0x2 00000000
 .rodata.__FUNCTION__.5283
                0x0804f6e4        0xb ./rt-thread/src/mem.o
 *fill*         0x0804f6ef        0x1 00000000
 .rodata.__FUNCTION__.5292
                0x0804f6f0       0x14 ./rt-thread/src/mem.o
 .rodata.__FUNCTION__.5301
                0x0804f704        0xa ./rt-thread/src/mem.o
 *fill*         0x0804f70e        0x2 00000000
 .rodata.__FUNCTION__.5330
                0x0804f710        0x8 ./rt-thread/src/mem.o
 .rodata.__FUNCTION__.5312
                0x0804f718        0xf ./rt-thread/src/object.o
 *fill*         0x0804f727        0x1 00000000
 .rodata.__FUNCTION__.5321
                0x0804f728       0x11 ./rt-thread/src/object.o
 *fill*         0x0804f739        0x3 00000000
 .rodata.__FUNCTION__.5330
                0x0804f73c       0x13 ./rt-thread/src/object.o
 *fill*         0x0804f74f        0x1 00000000
 .rodata.__FUNCTION__.5335
                0x0804f750       0x11 ./rt-thread/src/object.o
 *fill*         0x0804f761        0x3 00000000
 .rodata.__FUNCTION__.5339
                0x0804f764       0x1a ./rt-thread/src/object.o
 *fill*         0x0804f77e        0x2 00000000
 .rodata.__FUNCTION__.5343
                0x0804f780       0x13 ./rt-thread/src/object.o
 *fill*         0x0804f793        0x1 00000000
 .rodata.__FUNCTION__.5270
                0x0804f794       0x1a ./rt-thread/src/scheduler.o
 *fill*         0x0804f7ae        0x2 00000000
 .rodata.__FUNCTION__.5311
                0x0804f7b0       0x1a ./rt-thread/src/scheduler.o
 *fill*         0x0804f7ca        0x2 00000000
 .rodata.__FUNCTION__.5317
                0x0804f7cc       0x1a ./rt-thread/src/scheduler.o
 *fill*         0x0804f7e6        0x2 00000000
 .rodata.__FUNCTION__.5287
                0x0804f7e8       0x10 ./rt-thread/src/thread.o
 .rodata.__FUNCTION__.5299
                0x0804f7f8        0xf ./rt-thread/src/thread.o
 *fill*         0x0804f807        0x1 00000000
 .rodata.__FUNCTION__.5308
                0x0804f808       0x12 ./rt-thread/src/thread.o
 *fill*         0x0804f81a        0x2 00000000
 .rodata.__FUNCTION__.5329
                0x0804f81c       0x11 ./rt-thread/src/thread.o
 *fill*         0x0804f82d        0x3 00000000
 .rodata.__FUNCTION__.5338
                0x0804f830       0x10 ./rt-thread/src/thread.o
 .rodata.__FUNCTION__.5359
                0x0804f840       0x12 ./rt-thread/src/thread.o
 *fill*         0x0804f852        0x2 00000000
 .rodata.__FUNCTION__.5370
                0x0804f854       0x12 ./rt-thread/src/thread.o
 *fill*         0x0804f866        0x2 00000000
 .rodata.__FUNCTION__.5375
                0x0804f868       0x11 ./rt-thread/src/thread.o
 *fill*         0x0804f879        0x3 00000000
 .rodata.__FUNCTION__.5380
                0x0804f87c       0x12 ./rt-thread/src/thread.o
 *fill*         0x0804f88e        0x2 00000000
 .rodata.__FUNCTION__.5304
                0x0804f890        0xe ./rt-thread/src/timer.o
 *fill*         0x0804f89e        0x2 00000000
 .rodata.__FUNCTION__.5309
                0x0804f8a0       0x10 ./rt-thread/src/timer.o
 .rodata.__FUNCTION__.5333
                0x0804f8b0        0xf ./rt-thread/src/timer.o
 *fill*         0x0804f8bf        0x1 00000000
 .rodata.__FUNCTION__.5350
                0x0804f8c0        0xe ./rt-thread/src/timer.o
 *fill*         0x0804f8ce        0x2 00000000
 .rodata.__FUNCTION__.5356
                0x0804f8d0       0x11 ./rt-thread/src/timer.o
 *fill*         0x0804f8e1        0x3 00000000
 .rodata.__FUNCTION__.5542
                0x0804f8e4       0x13 ./rt-thread/components/utilities/ymodem/ymodem.o
 *fill*         0x0804f8f7        0x1 00000000
 .rodata.level_output_info
                0x0804f8f8       0x20 ./rt-thread/components/utilities/ulog/ulog.o
 .rodata.color_output_info
                0x0804f918       0x20 ./rt-thread/components/utilities/ulog/ulog.o
 .rodata.__FUNCTION__.5330
                0x0804f938        0xc ./rt-thread/components/utilities/ulog/ulog.o
 .rodata.__FUNCTION__.5367
                0x0804f944        0xe ./rt-thread/components/utilities/ulog/ulog.o
 *fill*         0x0804f952        0x2 00000000
 .rodata.__FUNCTION__.5408
                0x0804f954        0xd ./rt-thread/components/utilities/ulog/ulog.o
 *fill*         0x0804f961        0x3 00000000
 .rodata.__FUNCTION__.5453
                0x0804f964       0x16 ./rt-thread/components/utilities/ulog/ulog.o
 *fill*         0x0804f97a        0x2 00000000
 .rodata.name   0x0804f97c      0x37a ./rt-thread/components/finsh/cmd.o
                0x0804f97c                __fsym_hello_name
                0x0804f984                __fsym_hello_desc
                0x0804f994                __fsym_version_name
                0x0804f99c                __fsym_version_desc
                0x0804f9c0                __fsym___cmd_version_name
                0x0804f9d0                __fsym___cmd_version_desc
                0x0804f9f4                __fsym_list_thread_name
                0x0804fa00                __fsym_list_thread_desc
                0x0804fa0c                __fsym___cmd_list_thread_name
                0x0804fa20                __fsym___cmd_list_thread_desc
                0x0804fa2c                __fsym_list_sem_name
                0x0804fa38                __fsym_list_sem_desc
                0x0804fa54                __fsym___cmd_list_sem_name
                0x0804fa64                __fsym___cmd_list_sem_desc
                0x0804fa80                __fsym_list_event_name
                0x0804fa8c                __fsym_list_event_desc
                0x0804faa4                __fsym___cmd_list_event_name
                0x0804fab8                __fsym___cmd_list_event_desc
                0x0804fad0                __fsym_list_mutex_name
                0x0804fadc                __fsym_list_mutex_desc
                0x0804faf4                __fsym___cmd_list_mutex_name
                0x0804fb08                __fsym___cmd_list_mutex_desc
                0x0804fb20                __fsym_list_mailbox_name
                0x0804fb30                __fsym_list_mailbox_desc
                0x0804fb48                __fsym___cmd_list_mailbox_name
                0x0804fb5c                __fsym___cmd_list_mailbox_desc
                0x0804fb74                __fsym_list_msgqueue_name
                0x0804fb84                __fsym_list_msgqueue_desc
                0x0804fba4                __fsym___cmd_list_msgqueue_name
                0x0804fbb8                __fsym___cmd_list_msgqueue_desc
                0x0804fbd8                __fsym_list_mempool_name
                0x0804fbe8                __fsym_list_mempool_desc
                0x0804fc04                __fsym___cmd_list_mempool_name
                0x0804fc18                __fsym___cmd_list_mempool_desc
                0x0804fc34                __fsym_list_timer_name
                0x0804fc40                __fsym_list_timer_desc
                0x0804fc58                __fsym___cmd_list_timer_name
                0x0804fc6c                __fsym___cmd_list_timer_desc
                0x0804fc84                __fsym_list_device_name
                0x0804fc90                __fsym_list_device_desc
                0x0804fca8                __fsym___cmd_list_device_name
                0x0804fcbc                __fsym___cmd_list_device_desc
                0x0804fcd4                __fsym_list_name
                0x0804fcdc                __fsym_list_desc
 *fill*         0x0804fcf6        0x2 00000000
 .rodata.device_type_str
                0x0804fcf8       0x58 ./rt-thread/components/finsh/cmd.o
 .rodata.name   0x0804fd50       0x7d ./rt-thread/components/finsh/msh.o
                0x0804fd50                __fsym___cmd_help_name
                0x0804fd5c                __fsym___cmd_help_desc
                0x0804fd74                __fsym___cmd_ps_name
                0x0804fd80                __fsym___cmd_ps_desc
                0x0804fd9c                __fsym___cmd_free_name
                0x0804fda8                __fsym___cmd_free_desc
 *fill*         0x0804fdcd        0x3 00000000
 .rodata.__FUNCTION__.5537
                0x0804fdd0        0xe ./rt-thread/components/finsh/msh.o
 *fill*         0x0804fdde        0x2 00000000
 .rodata.__FUNCTION__.5543
                0x0804fde0       0x16 ./rt-thread/components/finsh/shell.o
 *fill*         0x0804fdf6        0x2 00000000
 .rodata.__FUNCTION__.5548
                0x0804fdf8        0xe ./rt-thread/components/finsh/shell.o
 *fill*         0x0804fe06        0x2 00000000
 .rodata.__FUNCTION__.5556
                0x0804fe08        0xd ./rt-thread/components/finsh/shell.o
 *fill*         0x0804fe15        0x3 00000000
 .rodata.__FUNCTION__.5561
                0x0804fe18       0x11 ./rt-thread/components/finsh/shell.o
 *fill*         0x0804fe29        0x3 00000000
 .rodata.__FUNCTION__.5645
                0x0804fe2c       0x13 ./rt-thread/components/drivers/src/completion.o
 *fill*         0x0804fe3f        0x1 00000000
 .rodata.__FUNCTION__.5653
                0x0804fe40       0x13 ./rt-thread/components/drivers/src/completion.o
 *fill*         0x0804fe53        0x1 00000000
 .rodata.__FUNCTION__.5660
                0x0804fe54       0x13 ./rt-thread/components/drivers/src/completion.o
 *fill*         0x0804fe67        0x1 00000000
 .rodata.__FUNCTION__.5757
                0x0804fe68        0xf ./rt-thread/components/drivers/serial/serial.o
 *fill*         0x0804fe77        0x1 00000000
 .rodata.__FUNCTION__.5764
                0x0804fe78        0xf ./rt-thread/components/drivers/serial/serial.o
 *fill*         0x0804fe87        0x1 00000000
 .rodata.__FUNCTION__.5771
                0x0804fe88       0x10 ./rt-thread/components/drivers/serial/serial.o
 .rodata.__FUNCTION__.5781
                0x0804fe98        0xf ./rt-thread/components/drivers/serial/serial.o
 *fill*         0x0804fea7        0x1 00000000
 .rodata.__FUNCTION__.5731
                0x0804fea8        0xf ./rt-thread/components/drivers/serial/serial.o
 *fill*         0x0804feb7        0x1 00000000
 .rodata.__FUNCTION__.5710
                0x0804feb8       0x10 ./rt-thread/components/drivers/serial/serial.o
 .rodata.__FUNCTION__.5789
                0x0804fec8       0x10 ./rt-thread/components/drivers/serial/serial.o
 .rodata.__FUNCTION__.5744
                0x0804fed8        0xf ./rt-thread/components/drivers/serial/serial.o
 *fill*         0x0804fee7        0x1 00000000
 .rodata.__FUNCTION__.5720
                0x0804fee8       0x10 ./rt-thread/components/drivers/serial/serial.o
 .rodata.__FUNCTION__.5797
                0x0804fef8       0x12 ./rt-thread/components/drivers/serial/serial.o
 *fill*         0x0804ff0a        0x2 00000000
 .rodata.__FUNCTION__.5812
                0x0804ff0c       0x16 ./rt-thread/components/drivers/serial/serial.o
 *fill*         0x0804ff22        0x2 00000000
 .rodata.__FUNCTION__.5821
                0x0804ff24       0x11 ./rt-thread/components/drivers/serial/serial.o
 *fill*         0x0804ff35        0x3 00000000
 .rodata.name   0x0804ff38       0x6e ./rt-thread/components/drivers/misc/pin.o
                0x0804ff38                __fsym_pinMode_name
                0x0804ff40                __fsym_pinMode_desc
                0x0804ff58                __fsym_pinWrite_name
                0x0804ff64                __fsym_pinWrite_desc
                0x0804ff80                __fsym_pinRead_name
                0x0804ff88                __fsym_pinRead_desc
 *fill*         0x0804ffa6        0x2 00000000
 .rodata.__FUNCTION__.5800
                0x0804ffa8        0xa ./rt-thread/components/drivers/misc/pin.o
 *fill*         0x0804ffb2        0x2 00000000
 .rodata.__FUNCTION__.5809
                0x0804ffb4        0xb ./rt-thread/components/drivers/misc/pin.o
 *fill*         0x0804ffbf        0x1 00000000
 .rodata.__FUNCTION__.5817
                0x0804ffc0        0xd ./rt-thread/components/drivers/misc/pin.o
 *fill*         0x0804ffcd        0x3 00000000
 .rodata.__FUNCTION__.5844
                0x0804ffd0        0xc ./rt-thread/components/drivers/misc/pin.o
 .rodata.__FUNCTION__.5852
                0x0804ffdc        0xd ./rt-thread/components/drivers/misc/pin.o
 *fill*         0x0804ffe9        0x3 00000000
 .rodata.__FUNCTION__.5859
                0x0804ffec        0xc ./rt-thread/components/drivers/misc/pin.o
 .rodata.name   0x0804fff8       0x39 ./packages/ota_downloader-latest/src/ymodem_ota.o
                0x0804fff8                __fsym___cmd_ymodem_ota_name
                0x0805000c                __fsym___cmd_ymodem_ota_desc
 *fill*         0x08050031        0x3 00000000
 .rodata.__FUNCTION__.6770
                0x08050034        0x9 ./packages/fal-v0.5.0/src/fal.o
 *fill*         0x0805003d        0x3 00000000
 .rodata.__FUNCTION__.6856
                0x08050040        0xf ./packages/fal-v0.5.0/src/fal_flash.o
 *fill*         0x0805004f        0x1 00000000
 .rodata.__FUNCTION__.6866
                0x08050050       0x16 ./packages/fal-v0.5.0/src/fal_flash.o
 *fill*         0x08050066        0x2 00000000
 .rodata.__FUNCTION__.6902
                0x08050068       0x13 ./packages/fal-v0.5.0/src/fal_partition.o
 *fill*         0x0805007b        0x1 00000000
 .rodata.__FUNCTION__.6911
                0x0805007c       0x13 ./packages/fal-v0.5.0/src/fal_partition.o
 *fill*         0x0805008f        0x1 00000000
 .rodata.__FUNCTION__.6938
                0x08050090       0x13 ./packages/fal-v0.5.0/src/fal_partition.o
 *fill*         0x080500a3        0x1 00000000
 .rodata.__FUNCTION__.6949
                0x080500a4       0x14 ./packages/fal-v0.5.0/src/fal_partition.o
 .rodata.__FUNCTION__.6959
                0x080500b8       0x14 ./packages/fal-v0.5.0/src/fal_partition.o
 .rodata.name   0x080500cc       0x33 ./packages/fal-v0.5.0/src/fal_rtt.o
                0x080500cc                __fsym___cmd_fal_name
                0x080500d8                __fsym___cmd_fal_desc
 *fill*         0x080500ff        0x1 00000000
 .rodata.AHBPrescTable
                0x08050100       0x10 ./libraries/CMSIS/Device/ST/STM32F1xx/Source/Templates/system_stm32f1xx.o
                0x08050100                AHBPrescTable
 .rodata.APBPrescTable
                0x08050110        0x8 ./libraries/CMSIS/Device/ST/STM32F1xx/Source/Templates/system_stm32f1xx.o
                0x08050110                APBPrescTable
 .rodata.name   0x08050118       0x1e ./drivers/drv_common.o
                0x08050118                __fsym___cmd_reboot_name
                0x08050128                __fsym___cmd_reboot_desc
 *fill*         0x08050136        0x2 00000000
 .rodata.pins   0x08050138      0x540 ./drivers/drv_gpio.o
 .rodata.pin_irq_map
                0x08050678       0x40 ./drivers/drv_gpio.o
 .rodata._stm32_pin_ops
                0x080506b8       0x18 ./drivers/drv_gpio.o
 .rodata.stm32_uart_ops
                0x080506d0       0x14 ./drivers/drv_usart.o
 .rodata.__FUNCTION__.7171
                0x080506e4       0x16 ./drivers/drv_usart.o
 *fill*         0x080506fa        0x2 00000000
 .rodata.uart_remaps.7206
                0x080506fc       0x38 ./drivers/drv_usart.o
 .rodata.__FUNCTION__.7210
                0x08050734       0x15 ./drivers/drv_usart.o
 *fill*         0x08050749        0x3 00000000
 .rodata.__FUNCTION__.7228
                0x0805074c       0x10 ./drivers/drv_usart.o
 .rodata.__FUNCTION__.7248
                0x0805075c        0xe ./drivers/drv_usart.o
 *fill*         0x0805076a        0x2 00000000
 .rodata.__FUNCTION__.7257
                0x0805076c        0xb ./drivers/drv_usart.o
 *fill*         0x08050777        0x1 00000000
 .rodata.__FUNCTION__.7266
                0x08050778        0xb ./drivers/drv_usart.o
 *fill*         0x08050783        0x1 00000000
 .rodata.__FUNCTION__.7274
                0x08050784       0x13 ./drivers/drv_usart.o
 *fill*         0x08050797        0x1 00000000
 .rodata.__FUNCTION__.7280
                0x08050798        0x9 ./drivers/drv_usart.o
 *fill*         0x080507a1        0x3 00000000
 .rodata.__FUNCTION__.7298
                0x080507a4       0x11 ./drivers/drv_usart.o
 *fill*         0x080507b5        0x3 00000000
 .rodata._global_impure_ptr
                0x080507b8        0x4 g:/rt-threadstudio/repo/extract/toolchain_support_packages/arm/gnu_tools_for_arm_embedded_processors/5.4.1/bin/../lib/gcc/arm-none-eabi/5.4.1/../../../../arm-none-eabi/lib/armv7-m\libg.a(lib_a-impure.o)
                0x080507b8                _global_impure_ptr
 *(.glue_7)
 .glue_7        0x080507bc        0x0 linker stubs
 *(.glue_7t)
 .glue_7t       0x080507bc        0x0 linker stubs
 *(.gnu.linkonce.t*)
                0x080507bc                . = ALIGN (0x4)
                0x080507bc                __fsymtab_start = .
 *(FSymTab)
 FSymTab        0x080507bc        0xc ./rt-thread/src/mem.o
                0x080507bc                __fsym_list_mem
 FSymTab        0x080507c8      0x108 ./rt-thread/components/finsh/cmd.o
                0x080507c8                __fsym_hello
                0x080507d4                __fsym_version
                0x080507e0                __fsym___cmd_version
                0x080507ec                __fsym_list_thread
                0x080507f8                __fsym___cmd_list_thread
                0x08050804                __fsym_list_sem
                0x08050810                __fsym___cmd_list_sem
                0x0805081c                __fsym_list_event
                0x08050828                __fsym___cmd_list_event
                0x08050834                __fsym_list_mutex
                0x08050840                __fsym___cmd_list_mutex
                0x0805084c                __fsym_list_mailbox
                0x08050858                __fsym___cmd_list_mailbox
                0x08050864                __fsym_list_msgqueue
                0x08050870                __fsym___cmd_list_msgqueue
                0x0805087c                __fsym_list_mempool
                0x08050888                __fsym___cmd_list_mempool
                0x08050894                __fsym_list_timer
                0x080508a0                __fsym___cmd_list_timer
                0x080508ac                __fsym_list_device
                0x080508b8                __fsym___cmd_list_device
                0x080508c4                __fsym_list
 FSymTab        0x080508d0       0x24 ./rt-thread/components/finsh/msh.o
                0x080508d0                __fsym___cmd_help
                0x080508dc                __fsym___cmd_ps
                0x080508e8                __fsym___cmd_free
 FSymTab        0x080508f4       0x24 ./rt-thread/components/drivers/misc/pin.o
                0x080508f4                __fsym_pinMode
                0x08050900                __fsym_pinWrite
                0x0805090c                __fsym_pinRead
 FSymTab        0x08050918        0xc ./packages/ota_downloader-latest/src/ymodem_ota.o
                0x08050918                __fsym___cmd_ymodem_ota
 FSymTab        0x08050924        0xc ./packages/fal-v0.5.0/src/fal_rtt.o
                0x08050924                __fsym___cmd_fal
 FSymTab        0x08050930        0xc ./drivers/drv_common.o
                0x08050930                __fsym___cmd_reboot
                0x0805093c                __fsymtab_end = .
                0x0805093c                . = ALIGN (0x4)
                0x0805093c                __vsymtab_start = .
 *(VSymTab)
                0x0805093c                __vsymtab_end = .
                0x0805093c                . = ALIGN (0x4)
                0x0805093c                __rt_utest_tc_tab_start = .
 *(UtestTcTab)
                0x0805093c                __rt_utest_tc_tab_end = .
                0x0805093c                . = ALIGN (0x4)
                0x0805093c                __rtatcmdtab_start = .
 *(RtAtCmdTab)
                0x0805093c                __rtatcmdtab_end = .
                0x0805093c                . = ALIGN (0x4)
                0x0805093c                . = ALIGN (0x4)
                0x0805093c                __rt_init_start = .
 *(SORT(.rti_fn*))
 .rti_fn.0      0x0805093c        0x4 ./rt-thread/src/components.o
                0x0805093c                __rt_init_rti_start
 .rti_fn.0.end  0x08050940        0x4 ./rt-thread/src/components.o
                0x08050940                __rt_init_rti_board_start
 .rti_fn.1      0x08050944        0x4 ./drivers/board.o
                0x08050944                __rt_init_clock_information
 .rti_fn.1      0x08050948        0x4 ./applications/main.o
                0x08050948                __rt_init_ota_app_vtor_reconfig
 .rti_fn.1.end  0x0805094c        0x4 ./rt-thread/src/components.o
                0x0805094c                __rt_init_rti_board_end
 .rti_fn.2      0x08050950        0x4 ./rt-thread/components/utilities/ulog/backend/console_be.o
                0x08050950                __rt_init_ulog_console_backend_init
 .rti_fn.2      0x08050954        0x4 ./rt-thread/components/utilities/ulog/ulog.o
                0x08050954                __rt_init_ulog_init
 .rti_fn.6      0x08050958        0x4 ./rt-thread/components/finsh/shell.o
                0x08050958                __rt_init_finsh_system_init
 .rti_fn.6.end  0x0805095c        0x4 ./rt-thread/src/components.o
                0x0805095c                __rt_init_rti_end
                0x08050960                __rt_init_end = .
                0x08050960                . = ALIGN (0x4)
                [!provide]                PROVIDE (__ctors_start__, .)
 *(SORT(.init_array.*))
 .init_array.00000
                0x08050960        0x4 g:/rt-threadstudio/repo/extract/toolchain_support_packages/arm/gnu_tools_for_arm_embedded_processors/5.4.1/bin/../lib/gcc/arm-none-eabi/5.4.1/../../../../arm-none-eabi/lib/armv7-m\libg.a(lib_a-__call_atexit.o)
 *(.init_array)
 .init_array    0x08050964        0x4 g:/rt-threadstudio/repo/extract/toolchain_support_packages/arm/gnu_tools_for_arm_embedded_processors/5.4.1/bin/../lib/gcc/arm-none-eabi/5.4.1/armv7-m/crtbegin.o
                [!provide]                PROVIDE (__ctors_end__, .)
                0x08050968                . = ALIGN (0x4)
                0x08050968                _etext = .
                0x08050968                __exidx_start = .

.vfp11_veneer   0x08050968        0x0
 .vfp11_veneer  0x08050968        0x0 linker stubs

.v4_bx          0x08050968        0x0
 .v4_bx         0x08050968        0x0 linker stubs

.init           0x08050968        0x4
 .init          0x08050968        0x4 g:/rt-threadstudio/repo/extract/toolchain_support_packages/arm/gnu_tools_for_arm_embedded_processors/5.4.1/bin/../lib/gcc/arm-none-eabi/5.4.1/armv7-m/crti.o
                0x08050968                _init

.fini           0x0805096c        0x4
 .fini          0x0805096c        0x4 g:/rt-threadstudio/repo/extract/toolchain_support_packages/arm/gnu_tools_for_arm_embedded_processors/5.4.1/bin/../lib/gcc/arm-none-eabi/5.4.1/armv7-m/crti.o
                0x0805096c                _fini

.iplt           0x08050970        0x0
 .iplt          0x08050970        0x0 g:/rt-threadstudio/repo/extract/toolchain_support_packages/arm/gnu_tools_for_arm_embedded_processors/5.4.1/bin/../lib/gcc/arm-none-eabi/5.4.1/armv7-m/crtbegin.o

.eh_frame       0x08050970        0x0
 .eh_frame      0x08050970        0x0 g:/rt-threadstudio/repo/extract/toolchain_support_packages/arm/gnu_tools_for_arm_embedded_processors/5.4.1/bin/../lib/gcc/arm-none-eabi/5.4.1/armv7-m/crtbegin.o

FalPartTable    0x08050970      0x100
                [!provide]                PROVIDE (__start_FalPartTable, .)
 FalPartTable   0x08050970      0x100 ./packages/fal-v0.5.0/src/fal_partition.o
                [!provide]                PROVIDE (__stop_FalPartTable, .)

.rel.dyn        0x08050a70        0x0
 .rel.iplt      0x08050a70        0x0 g:/rt-threadstudio/repo/extract/toolchain_support_packages/arm/gnu_tools_for_arm_embedded_processors/5.4.1/bin/../lib/gcc/arm-none-eabi/5.4.1/armv7-m/crtbegin.o

.ARM.exidx      0x08050a70        0x0
 *(.ARM.exidx* .gnu.linkonce.armexidx.*)
                0x08050a70                _sidata = .
                0x08050a70                __exidx_end = .

.data           0x20000000      0x6e0 load address 0x08050a70
                0x20000000                . = ALIGN (0x4)
                0x20000000                _sdata = .
 *(.data)
 *(.data.*)
 .data.rt_object_container
                0x20000000       0x90 ./rt-thread/src/object.o
 .data._ctype   0x20000090      0x100 ./rt-thread/components/libc/compilers/minilibc/string.o
                0x20000090                _ctype
 .data.recv_partition
                0x20000190        0x4 ./packages/ota_downloader-latest/src/ymodem_ota.o
 .data.uwTickPrio
                0x20000194        0x4 ./libraries/STM32F1xx_HAL_Driver/Src/stm32f1xx_hal.o
                0x20000194                uwTickPrio
 .data.uwTickFreq
                0x20000198        0x1 ./libraries/STM32F1xx_HAL_Driver/Src/stm32f1xx_hal.o
                0x20000198                uwTickFreq
 *fill*         0x20000199        0x3 
 .data.SystemCoreClock
                0x2000019c        0x4 ./libraries/CMSIS/Device/ST/STM32F1xx/Source/Templates/system_stm32f1xx.o
                0x2000019c                SystemCoreClock
 .data.pin_irq_hdr_tab
                0x200001a0       0xc0 ./drivers/drv_gpio.o
 .data.uart_config
                0x20000260       0x1c ./drivers/drv_usart.o
 .data.stm32f1_onchip_flash
                0x2000027c       0x38 ./applications/stm32f1xx_flash_ops.o
                0x2000027c                stm32f1_onchip_flash
 *fill*         0x200002b4        0x4 
 .data.impure_data
                0x200002b8      0x428 g:/rt-threadstudio/repo/extract/toolchain_support_packages/arm/gnu_tools_for_arm_embedded_processors/5.4.1/bin/../lib/gcc/arm-none-eabi/5.4.1/../../../../arm-none-eabi/lib/armv7-m\libg.a(lib_a-impure.o)
 *(.gnu.linkonce.d*)
                [!provide]                PROVIDE (__dtors_start__, .)
 *(SORT(.dtors.*))
 *(.dtors)
                [!provide]                PROVIDE (__dtors_end__, .)
                0x200006e0                . = ALIGN (0x4)
                0x200006e0                _edata = .

.jcr            0x200006e0        0x0 load address 0x08051150
 .jcr           0x200006e0        0x0 g:/rt-threadstudio/repo/extract/toolchain_support_packages/arm/gnu_tools_for_arm_embedded_processors/5.4.1/bin/../lib/gcc/arm-none-eabi/5.4.1/armv7-m/crtbegin.o

.igot.plt       0x200006e0        0x0 load address 0x08051150
 .igot.plt      0x200006e0        0x0 g:/rt-threadstudio/repo/extract/toolchain_support_packages/arm/gnu_tools_for_arm_embedded_processors/5.4.1/bin/../lib/gcc/arm-none-eabi/5.4.1/armv7-m/crtbegin.o

.stack          0x200006e0      0x200 load address 0x08051150
                0x200006e0                . = ALIGN (0x4)
                0x200006e0                _sstack = .
                0x200008e0                . = (. + _system_stack_size)
 *fill*         0x200006e0      0x200 
                0x200008e0                . = ALIGN (0x4)
                0x200008e0                _estack = .
                0x200008e0                __bss_start = .

.bss            0x200008e0      0xa20 load address 0x08051350
                0x200008e0                . = ALIGN (0x4)
                0x200008e0                _sbss = .
 *(.bss)
 .bss           0x200008e0       0x1c g:/rt-threadstudio/repo/extract/toolchain_support_packages/arm/gnu_tools_for_arm_embedded_processors/5.4.1/bin/../lib/gcc/arm-none-eabi/5.4.1/armv7-m/crtbegin.o
 *(.bss.*)
 .bss.rt_tick   0x200008fc        0x4 ./rt-thread/src/clock.o
 .bss.idle      0x20000900       0x80 ./rt-thread/src/idle.o
 .bss.rt_thread_stack